Archive member included to satisfy reference by file (symbol)

c:/chibistudio/tools/gnu tools arm embedded/7.0 2017q4/bin/../lib/gcc/arm-none-eabi/7.2.1/thumb/v7e-m\libgcc.a(_arm_addsubdf3.o)
                              C:\Users\SevenI7\AppData\Local\Temp\ccOTaUJS.ltrans0.ltrans.o (__aeabi_dsub)
c:/chibistudio/tools/gnu tools arm embedded/7.0 2017q4/bin/../lib/gcc/arm-none-eabi/7.2.1/thumb/v7e-m\libgcc.a(_arm_muldivdf3.o)
                              C:\Users\SevenI7\AppData\Local\Temp\ccOTaUJS.ltrans0.ltrans.o (__aeabi_dmul)
c:/chibistudio/tools/gnu tools arm embedded/7.0 2017q4/bin/../lib/gcc/arm-none-eabi/7.2.1/thumb/v7e-m\libgcc.a(_arm_fixdfsi.o)
                              C:\Users\SevenI7\AppData\Local\Temp\ccOTaUJS.ltrans0.ltrans.o (__aeabi_d2iz)
c:/chibistudio/tools/gnu tools arm embedded/7.0 2017q4/bin/../lib/gcc/arm-none-eabi/7.2.1/thumb/v7e-m\libgcc.a(_arm_truncdfsf2.o)
                              C:\Users\SevenI7\AppData\Local\Temp\ccOTaUJS.ltrans0.ltrans.o (__aeabi_d2f)
c:/chibistudio/tools/gnu tools arm embedded/7.0 2017q4/bin/../lib/gcc/arm-none-eabi/7.2.1/thumb/v7e-m\libgcc.a(_arm_cmpsf2.o)
                              C:\Users\SevenI7\AppData\Local\Temp\ccOTaUJS.ltrans0.ltrans.o (__aeabi_fcmplt)
c:/chibistudio/tools/gnu tools arm embedded/7.0 2017q4/bin/../lib/gcc/arm-none-eabi/7.2.1/../../../../arm-none-eabi/lib/thumb/v7e-m\libg.a(lib_a-memcpy.o)
                              C:\Users\SevenI7\AppData\Local\Temp\ccOTaUJS.ltrans0.ltrans.o (memcpy)
c:/chibistudio/tools/gnu tools arm embedded/7.0 2017q4/bin/../lib/gcc/arm-none-eabi/7.2.1/../../../../arm-none-eabi/lib/thumb/v7e-m\libg.a(lib_a-memset.o)
                              C:\Users\SevenI7\AppData\Local\Temp\ccOTaUJS.ltrans0.ltrans.o (memset)
c:/chibistudio/tools/gnu tools arm embedded/7.0 2017q4/bin/../lib/gcc/arm-none-eabi/7.2.1/../../../../arm-none-eabi/lib/thumb/v7e-m\libg.a(lib_a-strcmp.o)
                              C:\Users\SevenI7\AppData\Local\Temp\ccOTaUJS.ltrans0.ltrans.o (strcmp)
c:/chibistudio/tools/gnu tools arm embedded/7.0 2017q4/bin/../lib/gcc/arm-none-eabi/7.2.1/../../../../arm-none-eabi/lib/thumb/v7e-m\libg.a(lib_a-strlen.o)
                              C:\Users\SevenI7\AppData\Local\Temp\ccOTaUJS.ltrans0.ltrans.o (strlen)
c:/chibistudio/tools/gnu tools arm embedded/7.0 2017q4/bin/../lib/gcc/arm-none-eabi/7.2.1/../../../../arm-none-eabi/lib/thumb/v7e-m\libg.a(lib_a-strncmp.o)
                              C:\Users\SevenI7\AppData\Local\Temp\ccOTaUJS.ltrans0.ltrans.o (strncmp)
c:/chibistudio/tools/gnu tools arm embedded/7.0 2017q4/bin/../lib/gcc/arm-none-eabi/7.2.1/../../../../arm-none-eabi/lib/thumb/v7e-m\libg.a(lib_a-strncpy.o)
                              C:\Users\SevenI7\AppData\Local\Temp\ccOTaUJS.ltrans0.ltrans.o (strncpy)

Discarded input sections

 .data          0x00000000        0x0 ./build/obj/crt0_v7m.o
 .bss           0x00000000        0x0 ./build/obj/crt0_v7m.o
 .data          0x00000000        0x0 ./build/obj/vectors.o
 .bss           0x00000000        0x0 ./build/obj/vectors.o
 .data          0x00000000        0x0 ./build/obj/chcoreasm_v7m.o
 .bss           0x00000000        0x0 ./build/obj/chcoreasm_v7m.o
 .text          0x00000000        0x0 C:\Users\SevenI7\AppData\Local\Temp\ccOTaUJS.ltrans0.ltrans.o
 .data          0x00000000        0x0 C:\Users\SevenI7\AppData\Local\Temp\ccOTaUJS.ltrans0.ltrans.o
 .bss           0x00000000        0x0 C:\Users\SevenI7\AppData\Local\Temp\ccOTaUJS.ltrans0.ltrans.o
 .text.st_lld_get_alarm
                0x00000000        0xc C:\Users\SevenI7\AppData\Local\Temp\ccOTaUJS.ltrans0.ltrans.o
 .text.stGetAlarm
                0x00000000        0xc C:\Users\SevenI7\AppData\Local\Temp\ccOTaUJS.ltrans0.ltrans.o
 .text.port_lock.lto_priv.128
                0x00000000       0x10 C:\Users\SevenI7\AppData\Local\Temp\ccOTaUJS.ltrans0.ltrans.o
 .text.port_unlock.lto_priv.104
                0x00000000       0x10 C:\Users\SevenI7\AppData\Local\Temp\ccOTaUJS.ltrans0.ltrans.o
 .text.queue_init.lto_priv.155
                0x00000000       0x14 C:\Users\SevenI7\AppData\Local\Temp\ccOTaUJS.ltrans0.ltrans.o
 .text.chSysLock.lto_priv.71
                0x00000000        0x8 C:\Users\SevenI7\AppData\Local\Temp\ccOTaUJS.ltrans0.ltrans.o
 .text.chSysUnlock.lto_priv.52
                0x00000000        0x8 C:\Users\SevenI7\AppData\Local\Temp\ccOTaUJS.ltrans0.ltrans.o
 .text.chThdQueueObjectInit.lto_priv.152
                0x00000000       0x14 C:\Users\SevenI7\AppData\Local\Temp\ccOTaUJS.ltrans0.ltrans.o
 .text.osalSysLock.lto_priv.32
                0x00000000        0x8 C:\Users\SevenI7\AppData\Local\Temp\ccOTaUJS.ltrans0.ltrans.o
 .text.osalSysUnlock.lto_priv.26
                0x00000000        0x8 C:\Users\SevenI7\AppData\Local\Temp\ccOTaUJS.ltrans0.ltrans.o
 .text.osalThreadQueueObjectInit.lto_priv.213
                0x00000000       0x14 C:\Users\SevenI7\AppData\Local\Temp\ccOTaUJS.ltrans0.ltrans.o
[...]
Memory Configuration

Name             Origin             Length             Attributes
flash0           0x08000000         0x00080000
flash1           0x00000000         0x00000000
flash2           0x00000000         0x00000000
flash3           0x00000000         0x00000000
flash4           0x00000000         0x00000000
flash5           0x00000000         0x00000000
flash6           0x00000000         0x00000000
flash7           0x00000000         0x00000000
ram0             0x20000000         0x00018000
ram1             0x00000000         0x00000000
ram2             0x00000000         0x00000000
ram3             0x00000000         0x00000000
ram4             0x00000000         0x00000000
ram5             0x00000000         0x00000000
ram6             0x00000000         0x00000000
ram7             0x00000000         0x00000000
*default*        0x00000000         0xffffffff

Linker script and memory map

LOAD ./build/obj/crt0_v7m.o
LOAD ./build/obj/vectors.o
LOAD ./build/obj/chcoreasm_v7m.o
LOAD C:\Users\SevenI7\AppData\Local\Temp\ccOTaUJS.ltrans0.ltrans.o

.mstack         0x20000000      0x400
                0x20000000                . = ALIGN (0x8)
                0x20000000                __main_stack_base__ = .
                0x20000400                . = (. + __main_stack_size__)
 *fill*         0x20000000      0x400 
                0x20000400                . = ALIGN (0x8)
                0x20000400                __main_stack_end__ = .

.pstack         0x20000400      0x400
                0x20000400                . = ALIGN (0x8)
                0x20000400                __process_stack_base__ = .
                0x20000400                __main_thread_stack_base__ = .
                0x20000800                . = (. + __process_stack_size__)
 *fill*         0x20000400      0x400 
                0x20000800                . = ALIGN (0x8)
                0x20000800                __process_stack_end__ = .
                0x20000800                __main_thread_stack_end__ = .

.vectors        0x08000000      0x1e0
 *(.vectors)
 .vectors       0x08000000      0x1e0 ./build/obj/vectors.o
                0x08000000                _vectors

.xtors          0x080001e0        0x0
                0x080001e0                __init_array_start = .
 *(SORT_BY_NAME(.init_array.*))
 *(.init_array)
                0x080001e0                __init_array_end = .
                0x080001e0                __fini_array_start = .
 *(.fini_array)
 *(SORT_BY_NAME(.fini_array.*))
                0x080001e0                __fini_array_end = .

.text           0x08000200     0x49c0
                0x08000200                __text_base = .
 *(.text)
 .text          0x08000200       0xd8 ./build/obj/crt0_v7m.o
                0x08000200                _crt0_entry
 .text          0x080002d8        0x8 ./build/obj/vectors.o
                0x080002d8                Reset_Handler
                0x080002da                VectorAC
                0x080002da                DebugMon_Handler
                0x080002da                Vector1A0
                0x080002da                Vector11C
                0x080002da                HardFault_Handler
                0x080002da                Vector1B8
                0x080002da                Vector19C
                0x080002da                Vector8C
                0x080002da                SysTick_Handler
                0x080002da                VectorDC
                0x080002da                PendSV_Handler
                0x080002da                Vector168
                0x080002da                NMI_Handler
                0x080002da                Vector110
                0x080002da                Vector1D8
                0x080002da                VectorC8
                0x080002da                Vector94
                0x080002da                VectorA8
                0x080002da                VectorB4
                0x080002da                Vector160
                0x080002da                Vector1B0
                0x080002da                UsageFault_Handler
                0x080002da                VectorEC
                0x080002da                Vector40
                0x080002da                VectorF8
                0x080002da                Vector108
                0x080002da                VectorBC
                0x080002da                Vector190
                0x080002da                Vector1C4
                0x080002da                Vector1CC
                0x080002da                Vector148
                0x080002da                Vector188
                0x080002da                Vector198
                0x080002da                Vector118
                0x080002da                VectorE8
                0x080002da                VectorCC
                0x080002da                Vector54
                0x080002da                Vector98
                0x080002da                Vector138
                0x080002da                Vector24
                0x080002da                Vector1AC
                0x080002da                Vector178
                0x080002da                Vector1A4
                0x080002da                VectorD0
                0x080002da                Vector1B4
                0x080002da                Vector140
                0x080002da                VectorE4
                0x080002da                VectorC0
                0x080002da                Vector1C0
                0x080002da                Vector134
                0x080002da                Vector1D0
                0x080002da                VectorF0
                0x080002da                Vector13C
                0x080002da                Vector100
                0x080002da                VectorF4
                0x080002da                MemManage_Handler
                0x080002da                VectorA0
                0x080002da                VectorC4
                0x080002da                Vector180
                0x080002da                Vector90
                0x080002da                Vector114
                0x080002da                Vector164
                0x080002da                Vector1C
                0x080002da                Vector1BC
                0x080002da                Vector1D4
                0x080002da                Vector17C
                0x080002da                Vector48
                0x080002da                Vector1A8
                0x080002da                Vector16C
                0x080002da                VectorD4
                0x080002da                Vector4C
                0x080002da                Vector144
                0x080002da                Vector15C
                0x080002da                Vector18C
                0x080002da                Vector170
                0x080002da                Vector88
                0x080002da                Vector104
                0x080002da                Vector184
                0x080002da                Vector10C
                0x080002da                Vector14C
                0x080002da                BusFault_Handler
                0x080002da                Vector50
                0x080002da                Vector1C8
                0x080002da                Vector194
                0x080002da                Vector1DC
                0x080002da                Vector44
                0x080002da                Vector28
                0x080002da                VectorB8
                0x080002da                Vector34
                0x080002da                VectorA4
                0x080002da                Vector20
                0x080002da                Vector174
                0x080002de                _unhandled_exception
 .text          0x080002e0       0x28 ./build/obj/chcoreasm_v7m.o
                0x080002e0                _port_switch
                0x080002f0                _port_thread_start
                0x08000300                _port_switch_from_isr
                0x08000304                _port_exit_from_isr
 .text          0x08000308      0x134 c:/chibistudio/tools/gnu tools arm embedded/7.0 2017q4/bin/../lib/gcc/arm-none-eabi/7.2.1/../../../../arm-none-eabi/lib/thumb/v7e-m\libg.a(lib_a-memcpy.o)
                0x08000308                memcpy
 *fill*         0x0800043c        0x4 
 .text          0x08000440       0xdc c:/chibistudio/tools/gnu tools arm embedded/7.0 2017q4/bin/../lib/gcc/arm-none-eabi/7.2.1/../../../../arm-none-eabi/lib/thumb/v7e-m\libg.a(lib_a-strlen.o)
                0x08000440                strlen
 *(.text.*)
 *fill*         0x0800051c        0x4 
 .text.__core_init
                0x08000520        0x4 C:\Users\SevenI7\AppData\Local\Temp\ccOTaUJS.ltrans0.ltrans.o
                0x08000520                __core_init
 *fill*         0x08000524        0xc 
 .text.__late_init
                0x08000530        0x4 C:\Users\SevenI7\AppData\Local\Temp\ccOTaUJS.ltrans0.ltrans.o
                0x08000530                __late_init
 *fill*         0x08000534        0xc 
 .text.__default_exit
                0x08000540        0x4 C:\Users\SevenI7\AppData\Local\Temp\ccOTaUJS.ltrans0.ltrans.o
                0x08000540                __default_exit
 *fill*         0x08000544        0xc 
 .text.__init_ram_areas
                0x08000550       0x64 C:\Users\SevenI7\AppData\Local\Temp\ccOTaUJS.ltrans0.ltrans.o
                0x08000550                __init_ram_areas
 *fill*         0x080005b4        0xc 
 .text.osalInit
                0x080005c0        0x4 C:\Users\SevenI7\AppData\Local\Temp\ccOTaUJS.ltrans0.ltrans.o
 *fill*         0x080005c4        0xc 
 .text.halInit  0x080005d0       0x20 C:\Users\SevenI7\AppData\Local\Temp\ccOTaUJS.ltrans0.ltrans.o
 .text.st_lld_start_alarm
                0x080005f0       0x20 C:\Users\SevenI7\AppData\Local\Temp\ccOTaUJS.ltrans0.ltrans.o
 .text.st_lld_stop_alarm
                0x08000610        0xc C:\Users\SevenI7\AppData\Local\Temp\ccOTaUJS.ltrans0.ltrans.o
 *fill*         0x0800061c        0x4 
 .text.st_lld_set_alarm
                0x08000620       0x10 C:\Users\SevenI7\AppData\Local\Temp\ccOTaUJS.ltrans0.ltrans.o
 .text.stInit   0x08000630        0x8 C:\Users\SevenI7\AppData\Local\Temp\ccOTaUJS.ltrans0.ltrans.o
 *fill*         0x08000638        0x8 
 .text.stStartAlarm
                0x08000640       0x14 C:\Users\SevenI7\AppData\Local\Temp\ccOTaUJS.ltrans0.ltrans.o
 *fill*         0x08000654        0xc 
 .text.stStopAlarm
                0x08000660        0x8 C:\Users\SevenI7\AppData\Local\Temp\ccOTaUJS.ltrans0.ltrans.o
 *fill*         0x08000668        0x8 
 .text.stSetAlarm
                0x08000670       0x14 C:\Users\SevenI7\AppData\Local\Temp\ccOTaUJS.ltrans0.ltrans.o
 *fill*         0x08000684        0xc 
 .text.port_lock.lto_priv.129
                0x08000690       0x10 C:\Users\SevenI7\AppData\Local\Temp\ccOTaUJS.ltrans0.ltrans.o
 .text.port_unlock.lto_priv.105
                0x080006a0       0x10 C:\Users\SevenI7\AppData\Local\Temp\ccOTaUJS.ltrans0.ltrans.o
 .text.queue_init.lto_priv.156
                0x080006b0       0x14 C:\Users\SevenI7\AppData\Local\Temp\ccOTaUJS.ltrans0.ltrans.o
 *fill*         0x080006c4        0xc 
 .text.chSysLock.lto_priv.72
                0x080006d0        0x8 C:\Users\SevenI7\AppData\Local\Temp\ccOTaUJS.ltrans0.ltrans.o
 *fill*         0x080006d8        0x8 
 .text.chSysUnlock.lto_priv.53
                0x080006e0        0x8 C:\Users\SevenI7\AppData\Local\Temp\ccOTaUJS.ltrans0.ltrans.o
 *fill*         0x080006e8        0x8 
 .text.chThdQueueObjectInit.lto_priv.153
                0x080006f0       0x14 C:\Users\SevenI7\AppData\Local\Temp\ccOTaUJS.ltrans0.ltrans.o
 *fill*         0x08000704        0xc 
 .text.osalSysLock.lto_priv.33
                0x08000710        0x8 C:\Users\SevenI7\AppData\Local\Temp\ccOTaUJS.ltrans0.ltrans.o
 *fill*         0x08000718        0x8 
 .text.osalSysUnlock.lto_priv.27
                0x08000720        0x8 C:\Users\SevenI7\AppData\Local\Temp\ccOTaUJS.ltrans0.ltrans.o
 *fill*         0x08000728        0x8 
 .text.osalThreadQueueObjectInit.lto_priv.214
                0x08000730       0x14 C:\Users\SevenI7\AppData\Local\Temp\ccOTaUJS.ltrans0.ltrans.o
 *fill*         0x08000744        0xc 
 .text.osalThreadEnqueueTimeoutS.lto_priv.212
                0x08000750       0x1c C:\Users\SevenI7\AppData\Local\Temp\ccOTaUJS.ltrans0.ltrans.o
 *fill*         0x0800076c        0x4 
 .text.osalThreadDequeueNextI.lto_priv.210
                0x08000770       0x18 C:\Users\SevenI7\AppData\Local\Temp\ccOTaUJS.ltrans0.ltrans.o
 *fill*         0x08000788        0x8 
 .text.iq_read  0x08000790       0xbc C:\Users\SevenI7\AppData\Local\Temp\ccOTaUJS.ltrans0.ltrans.o
 *fill*         0x0800084c        0x4 
 .text.oq_write
                0x08000850       0xbc C:\Users\SevenI7\AppData\Local\Temp\ccOTaUJS.ltrans0.ltrans.o
 *fill*         0x0800090c        0x4 
 .text.iqObjectInit
                0x08000910       0x48 C:\Users\SevenI7\AppData\Local\Temp\ccOTaUJS.ltrans0.ltrans.o
 *fill*         0x08000958        0x8 
 .text.iqPutI   0x08000960       0x80 C:\Users\SevenI7\AppData\Local\Temp\ccOTaUJS.ltrans0.ltrans.o
 .text.iqGetTimeout
                0x080009e0       0x80 C:\Users\SevenI7\AppData\Local\Temp\ccOTaUJS.ltrans0.ltrans.o
 .text.iqReadTimeout
                0x08000a60       0x80 C:\Users\SevenI7\AppData\Local\Temp\ccOTaUJS.ltrans0.ltrans.o
 .text.oqObjectInit
                0x08000ae0       0x48 C:\Users\SevenI7\AppData\Local\Temp\ccOTaUJS.ltrans0.ltrans.o
 *fill*         0x08000b28        0x8 
 .text.oqPutTimeout
                0x08000b30       0x84 C:\Users\SevenI7\AppData\Local\Temp\ccOTaUJS.ltrans0.ltrans.o
 *fill*         0x08000bb4        0xc 
 .text.oqGetI   0x08000bc0       0x7c C:\Users\SevenI7\AppData\Local\Temp\ccOTaUJS.ltrans0.ltrans.o
 *fill*         0x08000c3c        0x4 
 .text.oqWriteTimeout
                0x08000c40       0x80 C:\Users\SevenI7\AppData\Local\Temp\ccOTaUJS.ltrans0.ltrans.o
 .text.palSetLineCallbackI
                0x08000cc0       0x2c C:\Users\SevenI7\AppData\Local\Temp\ccOTaUJS.ltrans0.ltrans.o
 *fill*         0x08000cec        0x4 
 .text.port_lock.lto_priv.130
                0x08000cf0       0x10 C:\Users\SevenI7\AppData\Local\Temp\ccOTaUJS.ltrans0.ltrans.o
 .text.port_unlock.lto_priv.106
                0x08000d00       0x10 C:\Users\SevenI7\AppData\Local\Temp\ccOTaUJS.ltrans0.ltrans.o
 .text.chSysLock.lto_priv.73
                0x08000d10        0x8 C:\Users\SevenI7\AppData\Local\Temp\ccOTaUJS.ltrans0.ltrans.o
 *fill*         0x08000d18        0x8 
 .text.chSysUnlock.lto_priv.54
                0x08000d20        0x8 C:\Users\SevenI7\AppData\Local\Temp\ccOTaUJS.ltrans0.ltrans.o
 *fill*         0x08000d28        0x8 
 .text.chEvtObjectInit.lto_priv.38
                0x08000d30       0x10 C:\Users\SevenI7\AppData\Local\Temp\ccOTaUJS.ltrans0.ltrans.o
 .text.osalSysLock.lto_priv.34
                0x08000d40        0x8 C:\Users\SevenI7\AppData\Local\Temp\ccOTaUJS.ltrans0.ltrans.o
 *fill*         0x08000d48        0x8 
 .text.osalSysUnlock.lto_priv.28
                0x08000d50        0x8 C:\Users\SevenI7\AppData\Local\Temp\ccOTaUJS.ltrans0.ltrans.o
 *fill*         0x08000d58        0x8 
 .text.osalEventObjectInit.lto_priv.16
                0x08000d60       0x14 C:\Users\SevenI7\AppData\Local\Temp\ccOTaUJS.ltrans0.ltrans.o
 *fill*         0x08000d74        0xc 
 .text.osalEventBroadcastFlagsI.lto_priv.13
                0x08000d80       0x18 C:\Users\SevenI7\AppData\Local\Temp\ccOTaUJS.ltrans0.ltrans.o
 *fill*         0x08000d98        0x8 
 .text._write   0x08000da0       0x28 C:\Users\SevenI7\AppData\Local\Temp\ccOTaUJS.ltrans0.ltrans.o
 *fill*         0x08000dc8        0x8 
 .text._read    0x08000dd0       0x28 C:\Users\SevenI7\AppData\Local\Temp\ccOTaUJS.ltrans0.ltrans.o
 *fill*         0x08000df8        0x8 
 .text._put.lto_priv.5
                0x08000e00       0x28 C:\Users\SevenI7\AppData\Local\Temp\ccOTaUJS.ltrans0.ltrans.o
 *fill*         0x08000e28        0x8 
 .text._get.lto_priv.3
                0x08000e30       0x20 C:\Users\SevenI7\AppData\Local\Temp\ccOTaUJS.ltrans0.ltrans.o
 .text._putt    0x08000e50       0x28 C:\Users\SevenI7\AppData\Local\Temp\ccOTaUJS.ltrans0.ltrans.o
 *fill*         0x08000e78        0x8 
 .text._gett    0x08000e80       0x20 C:\Users\SevenI7\AppData\Local\Temp\ccOTaUJS.ltrans0.ltrans.o
 .text._writet  0x08000ea0       0x28 C:\Users\SevenI7\AppData\Local\Temp\ccOTaUJS.ltrans0.ltrans.o
 *fill*         0x08000ec8        0x8 
 .text._readt   0x08000ed0       0x28 C:\Users\SevenI7\AppData\Local\Temp\ccOTaUJS.ltrans0.ltrans.o
 *fill*         0x08000ef8        0x8 
 .text._ctl     0x08000f00       0x20 C:\Users\SevenI7\AppData\Local\Temp\ccOTaUJS.ltrans0.ltrans.o
 .text.sdInit   0x08000f20        0x8 C:\Users\SevenI7\AppData\Local\Temp\ccOTaUJS.ltrans0.ltrans.o
 *fill*         0x08000f28        0x8 
 .text.sdObjectInit
                0x08000f30       0x5c C:\Users\SevenI7\AppData\Local\Temp\ccOTaUJS.ltrans0.ltrans.o
 *fill*         0x08000f8c        0x4 
 .text.sdStart  0x08000f90       0x24 C:\Users\SevenI7\AppData\Local\Temp\ccOTaUJS.ltrans0.ltrans.o
 *fill*         0x08000fb4        0xc 
 .text.sdIncomingDataI
                0x08000fc0       0x4c C:\Users\SevenI7\AppData\Local\Temp\ccOTaUJS.ltrans0.ltrans.o
 *fill*         0x0800100c        0x4 
 .text.port_lock.lto_priv.131
                0x08001010       0x10 C:\Users\SevenI7\AppData\Local\Temp\ccOTaUJS.ltrans0.ltrans.o
 .text.port_unlock.lto_priv.107
                0x08001020       0x10 C:\Users\SevenI7\AppData\Local\Temp\ccOTaUJS.ltrans0.ltrans.o
 .text.chSysLock.lto_priv.74
                0x08001030        0x8 C:\Users\SevenI7\AppData\Local\Temp\ccOTaUJS.ltrans0.ltrans.o
 *fill*         0x08001038        0x8 
 .text.chSysUnlock.lto_priv.55
                0x08001040        0x8 C:\Users\SevenI7\AppData\Local\Temp\ccOTaUJS.ltrans0.ltrans.o
 *fill*         0x08001048        0x8 
 .text.osalSysLock.lto_priv.35
                0x08001050        0x8 C:\Users\SevenI7\AppData\Local\Temp\ccOTaUJS.ltrans0.ltrans.o
 *fill*         0x08001058        0x8 
 .text.osalSysUnlock.lto_priv.29
                0x08001060        0x8 C:\Users\SevenI7\AppData\Local\Temp\ccOTaUJS.ltrans0.ltrans.o
 *fill*         0x08001068        0x8 
 .text.osalThreadSuspendS
                0x08001070       0x1c C:\Users\SevenI7\AppData\Local\Temp\ccOTaUJS.ltrans0.ltrans.o
 *fill*         0x0800108c        0x4 
 .text.osalMutexObjectInit.lto_priv.11
                0x08001090       0x14 C:\Users\SevenI7\AppData\Local\Temp\ccOTaUJS.ltrans0.ltrans.o
 *fill*         0x080010a4        0xc 
 .text.spiInit  0x080010b0        0x8 C:\Users\SevenI7\AppData\Local\Temp\ccOTaUJS.ltrans0.ltrans.o
 *fill*         0x080010b8        0x8 
 .text.spiObjectInit
                0x080010c0       0x28 C:\Users\SevenI7\AppData\Local\Temp\ccOTaUJS.ltrans0.ltrans.o
 *fill*         0x080010e8        0x8 
 .text.spiStart
                0x080010f0       0x28 C:\Users\SevenI7\AppData\Local\Temp\ccOTaUJS.ltrans0.ltrans.o
 *fill*         0x08001118        0x8 
 .text.spiSelect
                0x08001120       0x30 C:\Users\SevenI7\AppData\Local\Temp\ccOTaUJS.ltrans0.ltrans.o
 .text.spiUnselect
                0x08001150       0x30 C:\Users\SevenI7\AppData\Local\Temp\ccOTaUJS.ltrans0.ltrans.o
 .text.spiExchange
                0x08001180       0x38 C:\Users\SevenI7\AppData\Local\Temp\ccOTaUJS.ltrans0.ltrans.o
 *fill*         0x080011b8        0x8 
 .text.spiReceive
                0x080011c0       0x34 C:\Users\SevenI7\AppData\Local\Temp\ccOTaUJS.ltrans0.ltrans.o
 *fill*         0x080011f4        0xc 
 .text.nvicEnableVector
                0x08001200       0x54 C:\Users\SevenI7\AppData\Local\Temp\ccOTaUJS.ltrans0.ltrans.o
 *fill*         0x08001254        0xc 
 .text.Vector58
                0x08001260       0x50 C:\Users\SevenI7\AppData\Local\Temp\ccOTaUJS.ltrans0.ltrans.o
                0x08001260                Vector58
 .text.Vector5C
                0x080012b0       0x50 C:\Users\SevenI7\AppData\Local\Temp\ccOTaUJS.ltrans0.ltrans.o
                0x080012b0                Vector5C
 .text.Vector60
                0x08001300       0x50 C:\Users\SevenI7\AppData\Local\Temp\ccOTaUJS.ltrans0.ltrans.o
                0x08001300                Vector60
 .text.Vector64
                0x08001350       0x50 C:\Users\SevenI7\AppData\Local\Temp\ccOTaUJS.ltrans0.ltrans.o
                0x08001350                Vector64
 .text.Vector68
                0x080013a0       0x50 C:\Users\SevenI7\AppData\Local\Temp\ccOTaUJS.ltrans0.ltrans.o
                0x080013a0                Vector68
 .text.Vector9C
                0x080013f0       0xc8 C:\Users\SevenI7\AppData\Local\Temp\ccOTaUJS.ltrans0.ltrans.o
                0x080013f0                Vector9C
 *fill*         0x080014b8        0x8 
 .text.VectorE0
                0x080014c0       0xe4 C:\Users\SevenI7\AppData\Local\Temp\ccOTaUJS.ltrans0.ltrans.o
                0x080014c0                VectorE0
 *fill*         0x080015a4        0xc 
 .text.irqInit  0x080015b0       0x3c C:\Users\SevenI7\AppData\Local\Temp\ccOTaUJS.ltrans0.ltrans.o
 *fill*         0x080015ec        0x4 
 .text.hal_lld_backup_domain_init
                0x080015f0       0x40 C:\Users\SevenI7\AppData\Local\Temp\ccOTaUJS.ltrans0.ltrans.o
 .text.hal_lld_init
                0x08001630       0x9c C:\Users\SevenI7\AppData\Local\Temp\ccOTaUJS.ltrans0.ltrans.o
 *fill*         0x080016cc        0x4 
 .text.stm32_clock_init
                0x080016d0      0x130 C:\Users\SevenI7\AppData\Local\Temp\ccOTaUJS.ltrans0.ltrans.o
 .text.Vector6C
                0x08001800       0x3c C:\Users\SevenI7\AppData\Local\Temp\ccOTaUJS.ltrans0.ltrans.o
                0x08001800                Vector6C
 *fill*         0x0800183c        0x4 
 .text.Vector70
                0x08001840       0x40 C:\Users\SevenI7\AppData\Local\Temp\ccOTaUJS.ltrans0.ltrans.o
                0x08001840                Vector70
 .text.Vector74
                0x08001880       0x40 C:\Users\SevenI7\AppData\Local\Temp\ccOTaUJS.ltrans0.ltrans.o
                0x08001880                Vector74
 .text.Vector78
                0x080018c0       0x40 C:\Users\SevenI7\AppData\Local\Temp\ccOTaUJS.ltrans0.ltrans.o
                0x080018c0                Vector78
 .text.Vector7C
                0x08001900       0x3c C:\Users\SevenI7\AppData\Local\Temp\ccOTaUJS.ltrans0.ltrans.o
                0x08001900                Vector7C
 *fill*         0x0800193c        0x4 
 .text.Vector80
                0x08001940       0x40 C:\Users\SevenI7\AppData\Local\Temp\ccOTaUJS.ltrans0.ltrans.o
                0x08001940                Vector80
 .text.Vector84
                0x08001980       0x40 C:\Users\SevenI7\AppData\Local\Temp\ccOTaUJS.ltrans0.ltrans.o
                0x08001980                Vector84
 .text.VectorFC
                0x080019c0       0x40 C:\Users\SevenI7\AppData\Local\Temp\ccOTaUJS.ltrans0.ltrans.o
                0x080019c0                VectorFC
 .text.Vector120
                0x08001a00       0x3c C:\Users\SevenI7\AppData\Local\Temp\ccOTaUJS.ltrans0.ltrans.o
                0x08001a00                Vector120
 *fill*         0x08001a3c        0x4 
 .text.Vector124
                0x08001a40       0x40 C:\Users\SevenI7\AppData\Local\Temp\ccOTaUJS.ltrans0.ltrans.o
                0x08001a40                Vector124
 .text.Vector128
                0x08001a80       0x40 C:\Users\SevenI7\AppData\Local\Temp\ccOTaUJS.ltrans0.ltrans.o
                0x08001a80                Vector128
 .text.Vector12C
                0x08001ac0       0x40 C:\Users\SevenI7\AppData\Local\Temp\ccOTaUJS.ltrans0.ltrans.o
                0x08001ac0                Vector12C
 .text.Vector130
                0x08001b00       0x3c C:\Users\SevenI7\AppData\Local\Temp\ccOTaUJS.ltrans0.ltrans.o
                0x08001b00                Vector130
 *fill*         0x08001b3c        0x4 
 .text.Vector150
                0x08001b40       0x40 C:\Users\SevenI7\AppData\Local\Temp\ccOTaUJS.ltrans0.ltrans.o
                0x08001b40                Vector150
 .text.Vector154
                0x08001b80       0x40 C:\Users\SevenI7\AppData\Local\Temp\ccOTaUJS.ltrans0.ltrans.o
                0x08001b80                Vector154
 .text.Vector158
                0x08001bc0       0x44 C:\Users\SevenI7\AppData\Local\Temp\ccOTaUJS.ltrans0.ltrans.o
                0x08001bc0                Vector158
 *fill*         0x08001c04        0xc 
 .text.dmaInit  0x08001c10       0x70 C:\Users\SevenI7\AppData\Local\Temp\ccOTaUJS.ltrans0.ltrans.o
 .text.dmaStreamAllocI
                0x08001c80      0x130 C:\Users\SevenI7\AppData\Local\Temp\ccOTaUJS.ltrans0.ltrans.o
 .text._pal_lld_init
                0x08001db0       0x34 C:\Users\SevenI7\AppData\Local\Temp\ccOTaUJS.ltrans0.ltrans.o
 *fill*         0x08001de4        0xc 
 .text._pal_lld_setgroupmode
                0x08001df0      0x16c C:\Users\SevenI7\AppData\Local\Temp\ccOTaUJS.ltrans0.ltrans.o
 *fill*         0x08001f5c        0x4 
 .text._pal_lld_enablepadevent
                0x08001f60       0xd4 C:\Users\SevenI7\AppData\Local\Temp\ccOTaUJS.ltrans0.ltrans.o
 *fill*         0x08002034        0xc 
 .text.port_lock.lto_priv.133
                0x08002040       0x10 C:\Users\SevenI7\AppData\Local\Temp\ccOTaUJS.ltrans0.ltrans.o
 .text.port_unlock.lto_priv.109
                0x08002050       0x10 C:\Users\SevenI7\AppData\Local\Temp\ccOTaUJS.ltrans0.ltrans.o
 .text.port_lock_from_isr.lto_priv.97
                0x08002060        0x8 C:\Users\SevenI7\AppData\Local\Temp\ccOTaUJS.ltrans0.ltrans.o
 *fill*         0x08002068        0x8 
 .text.port_unlock_from_isr.lto_priv.90
                0x08002070        0x8 C:\Users\SevenI7\AppData\Local\Temp\ccOTaUJS.ltrans0.ltrans.o
 *fill*         0x08002078        0x8 
 .text.chSysLockFromISR.lto_priv.46
                0x08002080        0x8 C:\Users\SevenI7\AppData\Local\Temp\ccOTaUJS.ltrans0.ltrans.o
 *fill*         0x08002088        0x8 
 .text.chSysUnlockFromISR.lto_priv.40
                0x08002090        0x8 C:\Users\SevenI7\AppData\Local\Temp\ccOTaUJS.ltrans0.ltrans.o
 *fill*         0x08002098        0x8 
 .text.osalSysHalt
                0x080020a0       0x14 C:\Users\SevenI7\AppData\Local\Temp\ccOTaUJS.ltrans0.ltrans.o
 *fill*         0x080020b4        0xc 
 .text.osalSysLockFromISR.lto_priv.22
                0x080020c0        0x8 C:\Users\SevenI7\AppData\Local\Temp\ccOTaUJS.ltrans0.ltrans.o
 *fill*         0x080020c8        0x8 
 .text.osalSysUnlockFromISR.lto_priv.18
                0x080020d0        0x8 C:\Users\SevenI7\AppData\Local\Temp\ccOTaUJS.ltrans0.ltrans.o
 *fill*         0x080020d8        0x8 
 .text.osalThreadResumeI.lto_priv.204
                0x080020e0       0x18 C:\Users\SevenI7\AppData\Local\Temp\ccOTaUJS.ltrans0.ltrans.o
 *fill*         0x080020f8        0x8 
 .text.spi_lld_serve_rx_interrupt
                0x08002100      0x138 C:\Users\SevenI7\AppData\Local\Temp\ccOTaUJS.ltrans0.ltrans.o
 *fill*         0x08002238        0x8 
 .text.spi_lld_serve_tx_interrupt
                0x08002240       0x24 C:\Users\SevenI7\AppData\Local\Temp\ccOTaUJS.ltrans0.ltrans.o
 *fill*         0x08002264        0xc 
 .text.spi_lld_init
                0x08002270       0x38 C:\Users\SevenI7\AppData\Local\Temp\ccOTaUJS.ltrans0.ltrans.o
 *fill*         0x080022a8        0x8 
 .text.spi_lld_start
                0x080022b0      0x154 C:\Users\SevenI7\AppData\Local\Temp\ccOTaUJS.ltrans0.ltrans.o
 *fill*         0x08002404        0xc 
 .text.spi_lld_exchange
                0x08002410       0x80 C:\Users\SevenI7\AppData\Local\Temp\ccOTaUJS.ltrans0.ltrans.o
 .text.spi_lld_receive
                0x08002490       0x7c C:\Users\SevenI7\AppData\Local\Temp\ccOTaUJS.ltrans0.ltrans.o
 *fill*         0x0800250c        0x4 
 .text.port_lock.lto_priv.134
                0x08002510       0x10 C:\Users\SevenI7\AppData\Local\Temp\ccOTaUJS.ltrans0.ltrans.o
 .text.port_unlock.lto_priv.110
                0x08002520       0x10 C:\Users\SevenI7\AppData\Local\Temp\ccOTaUJS.ltrans0.ltrans.o
 .text.port_lock_from_isr.lto_priv.98
                0x08002530        0x8 C:\Users\SevenI7\AppData\Local\Temp\ccOTaUJS.ltrans0.ltrans.o
 *fill*         0x08002538        0x8 
 .text.port_unlock_from_isr.lto_priv.91
                0x08002540        0x8 C:\Users\SevenI7\AppData\Local\Temp\ccOTaUJS.ltrans0.ltrans.o
 *fill*         0x08002548        0x8 
 .text.chSysLockFromISR.lto_priv.47
                0x08002550        0x8 C:\Users\SevenI7\AppData\Local\Temp\ccOTaUJS.ltrans0.ltrans.o
 *fill*         0x08002558        0x8 
 .text.chSysUnlockFromISR.lto_priv.41
                0x08002560        0x8 C:\Users\SevenI7\AppData\Local\Temp\ccOTaUJS.ltrans0.ltrans.o
 *fill*         0x08002568        0x8 
 .text.osalSysLockFromISR.lto_priv.23
                0x08002570        0x8 C:\Users\SevenI7\AppData\Local\Temp\ccOTaUJS.ltrans0.ltrans.o
 *fill*         0x08002578        0x8 
 .text.osalSysUnlockFromISR.lto_priv.19
                0x08002580        0x8 C:\Users\SevenI7\AppData\Local\Temp\ccOTaUJS.ltrans0.ltrans.o
 *fill*         0x08002588        0x8 
 .text.osalOsTimerHandlerI
                0x08002590        0x8 C:\Users\SevenI7\AppData\Local\Temp\ccOTaUJS.ltrans0.ltrans.o
 *fill*         0x08002598        0x8 
 .text.VectorB0
                0x080025a0       0x2c C:\Users\SevenI7\AppData\Local\Temp\ccOTaUJS.ltrans0.ltrans.o
                0x080025a0                VectorB0
 *fill*         0x080025cc        0x4 
 .text.st_lld_init
                0x080025d0       0x80 C:\Users\SevenI7\AppData\Local\Temp\ccOTaUJS.ltrans0.ltrans.o
 .text.port_lock.lto_priv.135
                0x08002650       0x10 C:\Users\SevenI7\AppData\Local\Temp\ccOTaUJS.ltrans0.ltrans.o
 .text.port_unlock.lto_priv.111
                0x08002660       0x10 C:\Users\SevenI7\AppData\Local\Temp\ccOTaUJS.ltrans0.ltrans.o
 .text.port_lock_from_isr.lto_priv.99
                0x08002670        0x8 C:\Users\SevenI7\AppData\Local\Temp\ccOTaUJS.ltrans0.ltrans.o
 *fill*         0x08002678        0x8 
 .text.port_unlock_from_isr.lto_priv.92
                0x08002680        0x8 C:\Users\SevenI7\AppData\Local\Temp\ccOTaUJS.ltrans0.ltrans.o
 *fill*         0x08002688        0x8 
 .text.chSysLockFromISR.lto_priv.48
                0x08002690        0x8 C:\Users\SevenI7\AppData\Local\Temp\ccOTaUJS.ltrans0.ltrans.o
 *fill*         0x08002698        0x8 
 .text.chSysUnlockFromISR.lto_priv.42
                0x080026a0        0x8 C:\Users\SevenI7\AppData\Local\Temp\ccOTaUJS.ltrans0.ltrans.o
 *fill*         0x080026a8        0x8 
 .text.osalSysLockFromISR.lto_priv.24
                0x080026b0        0x8 C:\Users\SevenI7\AppData\Local\Temp\ccOTaUJS.ltrans0.ltrans.o
 *fill*         0x080026b8        0x8 
 .text.osalSysUnlockFromISR.lto_priv.20
                0x080026c0        0x8 C:\Users\SevenI7\AppData\Local\Temp\ccOTaUJS.ltrans0.ltrans.o
 *fill*         0x080026c8        0x8 
 .text.osalEventBroadcastFlagsI.lto_priv.14
                0x080026d0       0x18 C:\Users\SevenI7\AppData\Local\Temp\ccOTaUJS.ltrans0.ltrans.o
 *fill*         0x080026e8        0x8 
 .text.usart_init
                0x080026f0       0xd4 C:\Users\SevenI7\AppData\Local\Temp\ccOTaUJS.ltrans0.ltrans.o
 *fill*         0x080027c4        0xc 
 .text.set_error
                0x080027d0       0x74 C:\Users\SevenI7\AppData\Local\Temp\ccOTaUJS.ltrans0.ltrans.o
 *fill*         0x08002844        0xc 
 .text.serve_interrupt
                0x08002850      0x15c C:\Users\SevenI7\AppData\Local\Temp\ccOTaUJS.ltrans0.ltrans.o
 *fill*         0x080029ac        0x4 
 .text.notify2  0x080029b0       0x18 C:\Users\SevenI7\AppData\Local\Temp\ccOTaUJS.ltrans0.ltrans.o
 *fill*         0x080029c8        0x8 
 .text.VectorD8
                0x080029d0       0x14 C:\Users\SevenI7\AppData\Local\Temp\ccOTaUJS.ltrans0.ltrans.o
                0x080029d0                VectorD8
 *fill*         0x080029e4        0xc 
 .text.sd_lld_init
                0x080029f0       0x20 C:\Users\SevenI7\AppData\Local\Temp\ccOTaUJS.ltrans0.ltrans.o
 .text.sd_lld_start
                0x08002a10       0x60 C:\Users\SevenI7\AppData\Local\Temp\ccOTaUJS.ltrans0.ltrans.o
 .text.gpio_init
                0x08002a70       0x44 C:\Users\SevenI7\AppData\Local\Temp\ccOTaUJS.ltrans0.ltrans.o
 *fill*         0x08002ab4        0xc 
 .text.stm32_gpio_init
                0x08002ac0       0xa0 C:\Users\SevenI7\AppData\Local\Temp\ccOTaUJS.ltrans0.ltrans.o
 .text.__early_init
                0x08002b60        0xc C:\Users\SevenI7\AppData\Local\Temp\ccOTaUJS.ltrans0.ltrans.o
                0x08002b60                __early_init
 *fill*         0x08002b6c        0x4 
 .text.boardInit
                0x08002b70        0x4 C:\Users\SevenI7\AppData\Local\Temp\ccOTaUJS.ltrans0.ltrans.o
 *fill*         0x08002b74        0xc 
 .text.chTimeAddX.lto_priv.201
                0x08002b80       0x14 C:\Users\SevenI7\AppData\Local\Temp\ccOTaUJS.ltrans0.ltrans.o
 *fill*         0x08002b94        0xc 
 .text.chTimeDiffX.lto_priv.194
                0x08002ba0       0x14 C:\Users\SevenI7\AppData\Local\Temp\ccOTaUJS.ltrans0.ltrans.o
 *fill*         0x08002bb4        0xc 
 .text.__NVIC_SetPriorityGrouping
                0x08002bc0       0x3c C:\Users\SevenI7\AppData\Local\Temp\ccOTaUJS.ltrans0.ltrans.o
 *fill*         0x08002bfc        0x4 
 .text.__NVIC_SetPriority
                0x08002c00       0x4c C:\Users\SevenI7\AppData\Local\Temp\ccOTaUJS.ltrans0.ltrans.o
 *fill*         0x08002c4c        0x4 
 .text.port_init
                0x08002c50       0x40 C:\Users\SevenI7\AppData\Local\Temp\ccOTaUJS.ltrans0.ltrans.o
 .text.port_lock.lto_priv.136
                0x08002c90       0x10 C:\Users\SevenI7\AppData\Local\Temp\ccOTaUJS.ltrans0.ltrans.o
 .text.port_unlock.lto_priv.112
                0x08002ca0       0x10 C:\Users\SevenI7\AppData\Local\Temp\ccOTaUJS.ltrans0.ltrans.o
 .text.port_lock_from_isr.lto_priv.100
                0x08002cb0        0x8 C:\Users\SevenI7\AppData\Local\Temp\ccOTaUJS.ltrans0.ltrans.o
 *fill*         0x08002cb8        0x8 
 .text.port_unlock_from_isr.lto_priv.93
                0x08002cc0        0x8 C:\Users\SevenI7\AppData\Local\Temp\ccOTaUJS.ltrans0.ltrans.o
 *fill*         0x08002cc8        0x8 
 .text.port_disable
                0x08002cd0        0x4 C:\Users\SevenI7\AppData\Local\Temp\ccOTaUJS.ltrans0.ltrans.o
 *fill*         0x08002cd4        0xc 
 .text.port_enable
                0x08002ce0       0x14 C:\Users\SevenI7\AppData\Local\Temp\ccOTaUJS.ltrans0.ltrans.o
 *fill*         0x08002cf4        0xc 
 .text.port_wait_for_interrupt
                0x08002d00        0x4 C:\Users\SevenI7\AppData\Local\Temp\ccOTaUJS.ltrans0.ltrans.o
 *fill*         0x08002d04        0xc 
 .text.st_lld_get_counter.lto_priv.191
                0x08002d10        0xc C:\Users\SevenI7\AppData\Local\Temp\ccOTaUJS.ltrans0.ltrans.o
 *fill*         0x08002d1c        0x4 
 .text.port_timer_stop_alarm.lto_priv.199
                0x08002d20        0x8 C:\Users\SevenI7\AppData\Local\Temp\ccOTaUJS.ltrans0.ltrans.o
 *fill*         0x08002d28        0x8 
 .text.port_timer_set_alarm.lto_priv.197
                0x08002d30       0x14 C:\Users\SevenI7\AppData\Local\Temp\ccOTaUJS.ltrans0.ltrans.o
 *fill*         0x08002d44        0xc 
 .text.port_timer_get_time.lto_priv.188
                0x08002d50        0xc C:\Users\SevenI7\AppData\Local\Temp\ccOTaUJS.ltrans0.ltrans.o
 *fill*         0x08002d5c        0x4 
 .text.chSysEnable
                0x08002d60        0x8 C:\Users\SevenI7\AppData\Local\Temp\ccOTaUJS.ltrans0.ltrans.o
 *fill*         0x08002d68        0x8 
 .text.chSysLockFromISR.lto_priv.49
                0x08002d70        0x8 C:\Users\SevenI7\AppData\Local\Temp\ccOTaUJS.ltrans0.ltrans.o
 *fill*         0x08002d78        0x8 
 .text.chSysUnlockFromISR.lto_priv.43
                0x08002d80        0x8 C:\Users\SevenI7\AppData\Local\Temp\ccOTaUJS.ltrans0.ltrans.o
 *fill*         0x08002d88        0x8 
 .text.chVTGetSystemTimeX.lto_priv.185
                0x08002d90        0xc C:\Users\SevenI7\AppData\Local\Temp\ccOTaUJS.ltrans0.ltrans.o
 *fill*         0x08002d9c        0x4 
 .text.chVTDoTickI
                0x08002da0       0xf8 C:\Users\SevenI7\AppData\Local\Temp\ccOTaUJS.ltrans0.ltrans.o
 *fill*         0x08002e98        0x8 
 .text._idle_thread
                0x08002ea0        0xc C:\Users\SevenI7\AppData\Local\Temp\ccOTaUJS.ltrans0.ltrans.o
 *fill*         0x08002eac        0x4 
 .text.chSysInit
                0x08002eb0       0x5c C:\Users\SevenI7\AppData\Local\Temp\ccOTaUJS.ltrans0.ltrans.o
 *fill*         0x08002f0c        0x4 
 .text.chSysHalt
                0x08002f10       0x18 C:\Users\SevenI7\AppData\Local\Temp\ccOTaUJS.ltrans0.ltrans.o
 *fill*         0x08002f28        0x8 
 .text.chSysTimerHandlerI
                0x08002f30        0x8 C:\Users\SevenI7\AppData\Local\Temp\ccOTaUJS.ltrans0.ltrans.o
 *fill*         0x08002f38        0x8 
 .text.chTimeAddX.lto_priv.202
                0x08002f40       0x14 C:\Users\SevenI7\AppData\Local\Temp\ccOTaUJS.ltrans0.ltrans.o
 *fill*         0x08002f54        0xc 
 .text.chTimeDiffX.lto_priv.195
                0x08002f60       0x14 C:\Users\SevenI7\AppData\Local\Temp\ccOTaUJS.ltrans0.ltrans.o
 *fill*         0x08002f74        0xc 
 .text.st_lld_get_counter.lto_priv.192
                0x08002f80        0xc C:\Users\SevenI7\AppData\Local\Temp\ccOTaUJS.ltrans0.ltrans.o
 *fill*         0x08002f8c        0x4 
 .text.port_timer_start_alarm
                0x08002f90       0x14 C:\Users\SevenI7\AppData\Local\Temp\ccOTaUJS.ltrans0.ltrans.o
 *fill*         0x08002fa4        0xc 
 .text.port_timer_stop_alarm.lto_priv.200
                0x08002fb0        0x8 C:\Users\SevenI7\AppData\Local\Temp\ccOTaUJS.ltrans0.ltrans.o
 *fill*         0x08002fb8        0x8 
 .text.port_timer_set_alarm.lto_priv.198
                0x08002fc0       0x14 C:\Users\SevenI7\AppData\Local\Temp\ccOTaUJS.ltrans0.ltrans.o
 *fill*         0x08002fd4        0xc 
 .text.port_timer_get_time.lto_priv.189
                0x08002fe0        0xc C:\Users\SevenI7\AppData\Local\Temp\ccOTaUJS.ltrans0.ltrans.o
 *fill*         0x08002fec        0x4 
 .text.chVTGetSystemTimeX.lto_priv.186
                0x08002ff0        0xc C:\Users\SevenI7\AppData\Local\Temp\ccOTaUJS.ltrans0.ltrans.o
 *fill*         0x08002ffc        0x4 
 .text._vt_init
                0x08003000       0x24 C:\Users\SevenI7\AppData\Local\Temp\ccOTaUJS.ltrans0.ltrans.o
 *fill*         0x08003024        0xc 
 .text.chVTDoSetI
                0x08003030      0x130 C:\Users\SevenI7\AppData\Local\Temp\ccOTaUJS.ltrans0.ltrans.o
 .text.chVTDoResetI
                0x08003160       0xe8 C:\Users\SevenI7\AppData\Local\Temp\ccOTaUJS.ltrans0.ltrans.o
 *fill*         0x08003248        0x8 
 .text.port_lock.lto_priv.137
                0x08003250       0x10 C:\Users\SevenI7\AppData\Local\Temp\ccOTaUJS.ltrans0.ltrans.o
 .text.port_unlock.lto_priv.113
                0x08003260       0x10 C:\Users\SevenI7\AppData\Local\Temp\ccOTaUJS.ltrans0.ltrans.o
 .text.port_lock_from_isr.lto_priv.101
                0x08003270        0x8 C:\Users\SevenI7\AppData\Local\Temp\ccOTaUJS.ltrans0.ltrans.o
 *fill*         0x08003278        0x8 
 .text.port_unlock_from_isr.lto_priv.94
                0x08003280        0x8 C:\Users\SevenI7\AppData\Local\Temp\ccOTaUJS.ltrans0.ltrans.o
 *fill*         0x08003288        0x8 
 .text.queue_init.lto_priv.157
                0x08003290       0x14 C:\Users\SevenI7\AppData\Local\Temp\ccOTaUJS.ltrans0.ltrans.o
 *fill*         0x080032a4        0xc 
 .text.queue_fifo_remove.lto_priv.163
                0x080032b0       0x24 C:\Users\SevenI7\AppData\Local\Temp\ccOTaUJS.ltrans0.ltrans.o
 *fill*         0x080032d4        0xc 
 .text.queue_dequeue.lto_priv.179
                0x080032e0       0x20 C:\Users\SevenI7\AppData\Local\Temp\ccOTaUJS.ltrans0.ltrans.o
 .text.chSysLockFromISR.lto_priv.50
                0x08003300        0x8 C:\Users\SevenI7\AppData\Local\Temp\ccOTaUJS.ltrans0.ltrans.o
 *fill*         0x08003308        0x8 
 .text.chSysUnlockFromISR.lto_priv.44
                0x08003310        0x8 C:\Users\SevenI7\AppData\Local\Temp\ccOTaUJS.ltrans0.ltrans.o
 *fill*         0x08003318        0x8 
 .text.chVTIsArmedI
                0x08003320       0x18 C:\Users\SevenI7\AppData\Local\Temp\ccOTaUJS.ltrans0.ltrans.o
 *fill*         0x08003338        0x8 
 .text.chSemFastSignalI
                0x08003340       0x14 C:\Users\SevenI7\AppData\Local\Temp\ccOTaUJS.ltrans0.ltrans.o
 *fill*         0x08003354        0xc 
 .text._scheduler_init
                0x08003360       0x20 C:\Users\SevenI7\AppData\Local\Temp\ccOTaUJS.ltrans0.ltrans.o
 .text.chSchReadyI
                0x08003380       0x4c C:\Users\SevenI7\AppData\Local\Temp\ccOTaUJS.ltrans0.ltrans.o
 *fill*         0x080033cc        0x4 
 .text.chSchReadyAheadI
                0x080033d0       0x4c C:\Users\SevenI7\AppData\Local\Temp\ccOTaUJS.ltrans0.ltrans.o
 *fill*         0x0800341c        0x4 
 .text.chSchGoSleepS
                0x08003420       0x48 C:\Users\SevenI7\AppData\Local\Temp\ccOTaUJS.ltrans0.ltrans.o
 *fill*         0x08003468        0x8 
 .text.wakeup   0x08003470       0x78 C:\Users\SevenI7\AppData\Local\Temp\ccOTaUJS.ltrans0.ltrans.o
 *fill*         0x080034e8        0x8 
 .text.chSchGoSleepTimeoutS
                0x080034f0       0x64 C:\Users\SevenI7\AppData\Local\Temp\ccOTaUJS.ltrans0.ltrans.o
 *fill*         0x08003554        0xc 
 .text.chSchWakeupS
                0x08003560       0x50 C:\Users\SevenI7\AppData\Local\Temp\ccOTaUJS.ltrans0.ltrans.o
 .text.chSchIsPreemptionRequired
                0x080035b0       0x2c C:\Users\SevenI7\AppData\Local\Temp\ccOTaUJS.ltrans0.ltrans.o
 *fill*         0x080035dc        0x4 
 .text.chSchDoReschedule
                0x080035e0       0x40 C:\Users\SevenI7\AppData\Local\Temp\ccOTaUJS.ltrans0.ltrans.o
                0x080035e0                chSchDoReschedule
 .text.port_lock.lto_priv.138
                0x08003620       0x10 C:\Users\SevenI7\AppData\Local\Temp\ccOTaUJS.ltrans0.ltrans.o
 .text.port_unlock.lto_priv.114
                0x08003630       0x10 C:\Users\SevenI7\AppData\Local\Temp\ccOTaUJS.ltrans0.ltrans.o
 .text.list_init
                0x08003640       0x10 C:\Users\SevenI7\AppData\Local\Temp\ccOTaUJS.ltrans0.ltrans.o
 .text.list_notempty
                0x08003650       0x1c C:\Users\SevenI7\AppData\Local\Temp\ccOTaUJS.ltrans0.ltrans.o
 *fill*         0x0800366c        0x4 
 .text.queue_init.lto_priv.158
                0x08003670       0x14 C:\Users\SevenI7\AppData\Local\Temp\ccOTaUJS.ltrans0.ltrans.o
 *fill*         0x08003684        0xc 
 .text.queue_notempty.lto_priv.176
                0x08003690       0x1c C:\Users\SevenI7\AppData\Local\Temp\ccOTaUJS.ltrans0.ltrans.o
 *fill*         0x080036ac        0x4 
 .text.list_remove
                0x080036b0       0x1c C:\Users\SevenI7\AppData\Local\Temp\ccOTaUJS.ltrans0.ltrans.o
 *fill*         0x080036cc        0x4 
 .text.queue_insert.lto_priv.169
                0x080036d0       0x28 C:\Users\SevenI7\AppData\Local\Temp\ccOTaUJS.ltrans0.ltrans.o
 *fill*         0x080036f8        0x8 
 .text.queue_fifo_remove.lto_priv.164
                0x08003700       0x24 C:\Users\SevenI7\AppData\Local\Temp\ccOTaUJS.ltrans0.ltrans.o
 *fill*         0x08003724        0xc 
 .text.chSysLock.lto_priv.77
                0x08003730        0x8 C:\Users\SevenI7\AppData\Local\Temp\ccOTaUJS.ltrans0.ltrans.o
 *fill*         0x08003738        0x8 
 .text.chSysUnlock.lto_priv.58
                0x08003740        0x8 C:\Users\SevenI7\AppData\Local\Temp\ccOTaUJS.ltrans0.ltrans.o
 *fill*         0x08003748        0x8 
 .text.chThdGetSelfX.lto_priv.172
                0x08003750        0xc C:\Users\SevenI7\AppData\Local\Temp\ccOTaUJS.ltrans0.ltrans.o
 *fill*         0x0800375c        0x4 
 .text.chThdSleepS
                0x08003760       0x14 C:\Users\SevenI7\AppData\Local\Temp\ccOTaUJS.ltrans0.ltrans.o
 *fill*         0x08003774        0xc 
 .text.chThdDoDequeueNextI
                0x08003780       0x24 C:\Users\SevenI7\AppData\Local\Temp\ccOTaUJS.ltrans0.ltrans.o
 *fill*         0x080037a4        0xc 
 .text._thread_init
                0x080037b0       0x80 C:\Users\SevenI7\AppData\Local\Temp\ccOTaUJS.ltrans0.ltrans.o
 .text.chThdCreateSuspendedI
                0x08003830       0x5c C:\Users\SevenI7\AppData\Local\Temp\ccOTaUJS.ltrans0.ltrans.o
 *fill*         0x0800388c        0x4 
 .text.chThdCreate
                0x08003890       0x28 C:\Users\SevenI7\AppData\Local\Temp\ccOTaUJS.ltrans0.ltrans.o
 *fill*         0x080038b8        0x8 
 .text.chThdExit
                0x080038c0       0x18 C:\Users\SevenI7\AppData\Local\Temp\ccOTaUJS.ltrans0.ltrans.o
                0x080038c0                chThdExit
 *fill*         0x080038d8        0x8 
 .text.chThdExitS
                0x080038e0       0x74 C:\Users\SevenI7\AppData\Local\Temp\ccOTaUJS.ltrans0.ltrans.o
 *fill*         0x08003954        0xc 
 .text.chThdSleep
                0x08003960       0x1c C:\Users\SevenI7\AppData\Local\Temp\ccOTaUJS.ltrans0.ltrans.o
 *fill*         0x0800397c        0x4 
 .text.chThdSuspendTimeoutS
                0x08003980       0x38 C:\Users\SevenI7\AppData\Local\Temp\ccOTaUJS.ltrans0.ltrans.o
 *fill*         0x080039b8        0x8 
 .text.chThdResumeI
                0x080039c0       0x30 C:\Users\SevenI7\AppData\Local\Temp\ccOTaUJS.ltrans0.ltrans.o
 .text.chThdEnqueueTimeoutS
                0x080039f0       0x38 C:\Users\SevenI7\AppData\Local\Temp\ccOTaUJS.ltrans0.ltrans.o
 *fill*         0x08003a28        0x8 
 .text.chThdDequeueNextI
                0x08003a30       0x24 C:\Users\SevenI7\AppData\Local\Temp\ccOTaUJS.ltrans0.ltrans.o
 *fill*         0x08003a54        0xc 
 .text.port_rt_get_counter_value.lto_priv.184
                0x08003a60        0xc C:\Users\SevenI7\AppData\Local\Temp\ccOTaUJS.ltrans0.ltrans.o
 *fill*         0x08003a6c        0x4 
 .text.tm_stop  0x08003a70       0x74 C:\Users\SevenI7\AppData\Local\Temp\ccOTaUJS.ltrans0.ltrans.o
 *fill*         0x08003ae4        0xc 
 .text._tm_init
                0x08003af0       0x34 C:\Users\SevenI7\AppData\Local\Temp\ccOTaUJS.ltrans0.ltrans.o
 *fill*         0x08003b24        0xc 
 .text.chTMObjectInit
                0x08003b30       0x34 C:\Users\SevenI7\AppData\Local\Temp\ccOTaUJS.ltrans0.ltrans.o
 *fill*         0x08003b64        0xc 
 .text.chTMStartMeasurementX
                0x08003b70       0x18 C:\Users\SevenI7\AppData\Local\Temp\ccOTaUJS.ltrans0.ltrans.o
 *fill*         0x08003b88        0x8 
 .text.chTMStopMeasurementX
                0x08003b90       0x24 C:\Users\SevenI7\AppData\Local\Temp\ccOTaUJS.ltrans0.ltrans.o
 *fill*         0x08003bb4        0xc 
 .text.queue_init.lto_priv.160
                0x08003bc0       0x14 C:\Users\SevenI7\AppData\Local\Temp\ccOTaUJS.ltrans0.ltrans.o
 *fill*         0x08003bd4        0xc 
 .text.chMtxObjectInit
                0x08003be0       0x1c C:\Users\SevenI7\AppData\Local\Temp\ccOTaUJS.ltrans0.ltrans.o
 *fill*         0x08003bfc        0x4 
 .text.port_lock.lto_priv.143
                0x08003c00       0x10 C:\Users\SevenI7\AppData\Local\Temp\ccOTaUJS.ltrans0.ltrans.o
 .text.port_unlock.lto_priv.119
                0x08003c10       0x10 C:\Users\SevenI7\AppData\Local\Temp\ccOTaUJS.ltrans0.ltrans.o
 .text.chSysLock.lto_priv.82
                0x08003c20        0x8 C:\Users\SevenI7\AppData\Local\Temp\ccOTaUJS.ltrans0.ltrans.o
 *fill*         0x08003c28        0x8 
 .text.chSysUnlock.lto_priv.63
                0x08003c30        0x8 C:\Users\SevenI7\AppData\Local\Temp\ccOTaUJS.ltrans0.ltrans.o
 *fill*         0x08003c38        0x8 
 .text.chEvtRegisterMaskWithFlags
                0x08003c40       0x48 C:\Users\SevenI7\AppData\Local\Temp\ccOTaUJS.ltrans0.ltrans.o
 *fill*         0x08003c88        0x8 
 .text.chEvtBroadcastFlagsI
                0x08003c90       0x54 C:\Users\SevenI7\AppData\Local\Temp\ccOTaUJS.ltrans0.ltrans.o
 *fill*         0x08003ce4        0xc 
 .text.chEvtSignalI
                0x08003cf0       0x5c C:\Users\SevenI7\AppData\Local\Temp\ccOTaUJS.ltrans0.ltrans.o
 *fill*         0x08003d4c        0x4 
 .text.chEvtWaitOneTimeout
                0x08003d50       0x80 C:\Users\SevenI7\AppData\Local\Temp\ccOTaUJS.ltrans0.ltrans.o
 .text.port_lock.lto_priv.147
                0x08003dd0       0x10 C:\Users\SevenI7\AppData\Local\Temp\ccOTaUJS.ltrans0.ltrans.o
 .text.port_unlock.lto_priv.123
                0x08003de0       0x10 C:\Users\SevenI7\AppData\Local\Temp\ccOTaUJS.ltrans0.ltrans.o
 .text.chSysLock.lto_priv.86
                0x08003df0        0x8 C:\Users\SevenI7\AppData\Local\Temp\ccOTaUJS.ltrans0.ltrans.o
 *fill*         0x08003df8        0x8 
 .text.chSysUnlock.lto_priv.67
                0x08003e00        0x8 C:\Users\SevenI7\AppData\Local\Temp\ccOTaUJS.ltrans0.ltrans.o
 *fill*         0x08003e08        0x8 
 .text._core_init
                0x08003e10       0x1c C:\Users\SevenI7\AppData\Local\Temp\ccOTaUJS.ltrans0.ltrans.o
 *fill*         0x08003e2c        0x4 
 .text.chCoreAllocAlignedWithOffsetI
                0x08003e30       0x64 C:\Users\SevenI7\AppData\Local\Temp\ccOTaUJS.ltrans0.ltrans.o
 *fill*         0x08003e94        0xc 
 .text.chCoreAllocAlignedWithOffset
                0x08003ea0       0x28 C:\Users\SevenI7\AppData\Local\Temp\ccOTaUJS.ltrans0.ltrans.o
 *fill*         0x08003ec8        0x8 
 .text._heap_init
                0x08003ed0       0x28 C:\Users\SevenI7\AppData\Local\Temp\ccOTaUJS.ltrans0.ltrans.o
 *fill*         0x08003ef8        0x8 
 .text.chPoolObjectInitAligned
                0x08003f00       0x28 C:\Users\SevenI7\AppData\Local\Temp\ccOTaUJS.ltrans0.ltrans.o
 *fill*         0x08003f28        0x8 
 .text.chCoreAllocAlignedI
                0x08003f30       0x1c C:\Users\SevenI7\AppData\Local\Temp\ccOTaUJS.ltrans0.ltrans.o
 *fill*         0x08003f4c        0x4 
 .text.chPoolObjectInit
                0x08003f50       0x1c C:\Users\SevenI7\AppData\Local\Temp\ccOTaUJS.ltrans0.ltrans.o
 *fill*         0x08003f6c        0x4 
 .text.dyn_list_init
                0x08003f70       0x10 C:\Users\SevenI7\AppData\Local\Temp\ccOTaUJS.ltrans0.ltrans.o
 .text._factory_init
                0x08003f80       0x6c C:\Users\SevenI7\AppData\Local\Temp\ccOTaUJS.ltrans0.ltrans.o
 *fill*         0x08003fec        0x4 
 .text.port_lock.lto_priv.150
                0x08003ff0       0x10 C:\Users\SevenI7\AppData\Local\Temp\ccOTaUJS.ltrans0.ltrans.o
 .text.port_unlock.lto_priv.126
                0x08004000       0x10 C:\Users\SevenI7\AppData\Local\Temp\ccOTaUJS.ltrans0.ltrans.o
 .text.port_lock_from_isr.lto_priv.102
                0x08004010        0x8 C:\Users\SevenI7\AppData\Local\Temp\ccOTaUJS.ltrans0.ltrans.o
 *fill*         0x08004018        0x8 
 .text.port_unlock_from_isr.lto_priv.95
                0x08004020        0x8 C:\Users\SevenI7\AppData\Local\Temp\ccOTaUJS.ltrans0.ltrans.o
 *fill*         0x08004028        0x8 
 .text.SVC_Handler
                0x08004030       0x28 C:\Users\SevenI7\AppData\Local\Temp\ccOTaUJS.ltrans0.ltrans.o
                0x08004030                SVC_Handler
 *fill*         0x08004058        0x8 
 .text._port_irq_epilogue
                0x08004060       0x68 C:\Users\SevenI7\AppData\Local\Temp\ccOTaUJS.ltrans0.ltrans.o
 *fill*         0x080040c8        0x8 
 .text.port_lock.lto_priv.151
                0x080040d0       0x10 C:\Users\SevenI7\AppData\Local\Temp\ccOTaUJS.ltrans0.ltrans.o
 .text.port_unlock.lto_priv.127
                0x080040e0       0x10 C:\Users\SevenI7\AppData\Local\Temp\ccOTaUJS.ltrans0.ltrans.o
 .text.port_lock_from_isr.lto_priv.103
                0x080040f0        0x8 C:\Users\SevenI7\AppData\Local\Temp\ccOTaUJS.ltrans0.ltrans.o
 *fill*         0x080040f8        0x8 
 .text.port_unlock_from_isr.lto_priv.96
                0x08004100        0x8 C:\Users\SevenI7\AppData\Local\Temp\ccOTaUJS.ltrans0.ltrans.o
 *fill*         0x08004108        0x8 
 .text.chSysLock.lto_priv.89
                0x08004110        0x8 C:\Users\SevenI7\AppData\Local\Temp\ccOTaUJS.ltrans0.ltrans.o
 *fill*         0x08004118        0x8 
 .text.chSysUnlock.lto_priv.70
                0x08004120        0x8 C:\Users\SevenI7\AppData\Local\Temp\ccOTaUJS.ltrans0.ltrans.o
 *fill*         0x08004128        0x8 
 .text.chSysLockFromISR.lto_priv.51
                0x08004130        0x8 C:\Users\SevenI7\AppData\Local\Temp\ccOTaUJS.ltrans0.ltrans.o
 *fill*         0x08004138        0x8 
 .text.chSysUnlockFromISR.lto_priv.45
                0x08004140        0x8 C:\Users\SevenI7\AppData\Local\Temp\ccOTaUJS.ltrans0.ltrans.o
 *fill*         0x08004148        0x8 
 .text.chEvtObjectInit.lto_priv.39
                0x08004150       0x10 C:\Users\SevenI7\AppData\Local\Temp\ccOTaUJS.ltrans0.ltrans.o
 .text.chEvtRegisterMask
                0x08004160       0x20 C:\Users\SevenI7\AppData\Local\Temp\ccOTaUJS.ltrans0.ltrans.o
 .text.chEvtRegister
                0x08004180       0x24 C:\Users\SevenI7\AppData\Local\Temp\ccOTaUJS.ltrans0.ltrans.o
 *fill*         0x080041a4        0xc 
 .text.osalSysLock.lto_priv.37
                0x080041b0        0x8 C:\Users\SevenI7\AppData\Local\Temp\ccOTaUJS.ltrans0.ltrans.o
 *fill*         0x080041b8        0x8 
 .text.osalSysUnlock.lto_priv.31
                0x080041c0        0x8 C:\Users\SevenI7\AppData\Local\Temp\ccOTaUJS.ltrans0.ltrans.o
 *fill*         0x080041c8        0x8 
 .text.osalSysLockFromISR.lto_priv.25
                0x080041d0        0x8 C:\Users\SevenI7\AppData\Local\Temp\ccOTaUJS.ltrans0.ltrans.o
 *fill*         0x080041d8        0x8 
 .text.osalSysUnlockFromISR.lto_priv.21
                0x080041e0        0x8 C:\Users\SevenI7\AppData\Local\Temp\ccOTaUJS.ltrans0.ltrans.o
 *fill*         0x080041e8        0x8 
 .text.osalThreadSleep
                0x080041f0       0x14 C:\Users\SevenI7\AppData\Local\Temp\ccOTaUJS.ltrans0.ltrans.o
 *fill*         0x08004204        0xc 
 .text.osalEventObjectInit.lto_priv.17
                0x08004210       0x14 C:\Users\SevenI7\AppData\Local\Temp\ccOTaUJS.ltrans0.ltrans.o
 *fill*         0x08004224        0xc 
 .text.osalEventBroadcastFlagsI.lto_priv.15
                0x08004230       0x18 C:\Users\SevenI7\AppData\Local\Temp\ccOTaUJS.ltrans0.ltrans.o
 *fill*         0x08004248        0x8 
 .text.osalMutexObjectInit.lto_priv.12
                0x08004250       0x14 C:\Users\SevenI7\AppData\Local\Temp\ccOTaUJS.ltrans0.ltrans.o
 *fill*         0x08004264        0xc 
 .text.nrf24l01GetStatus
                0x08004270       0x34 C:\Users\SevenI7\AppData\Local\Temp\ccOTaUJS.ltrans0.ltrans.o
 *fill*         0x080042a4        0xc 
 .text.nrf24l01ReadRegister
                0x080042b0       0x50 C:\Users\SevenI7\AppData\Local\Temp\ccOTaUJS.ltrans0.ltrans.o
 .text.nrf24l01WriteRegister
                0x08004300       0xe8 C:\Users\SevenI7\AppData\Local\Temp\ccOTaUJS.ltrans0.ltrans.o
 *fill*         0x080043e8        0x8 
 .text.nrf24l01WriteAddress
                0x080043f0      0x124 C:\Users\SevenI7\AppData\Local\Temp\ccOTaUJS.ltrans0.ltrans.o
 *fill*         0x08004514        0xc 
 .text.nrf24l01GetRxPl
                0x08004520       0x58 C:\Users\SevenI7\AppData\Local\Temp\ccOTaUJS.ltrans0.ltrans.o
 *fill*         0x08004578        0x8 
 .text.nrf24l01FlushRx
                0x08004580       0x34 C:\Users\SevenI7\AppData\Local\Temp\ccOTaUJS.ltrans0.ltrans.o
 *fill*         0x080045b4        0xc 
 .text.nrf24l01Activate
                0x080045c0       0x38 C:\Users\SevenI7\AppData\Local\Temp\ccOTaUJS.ltrans0.ltrans.o
 *fill*         0x080045f8        0x8 
 .text.nrf24l01ReadRxPlWid
                0x08004600       0x40 C:\Users\SevenI7\AppData\Local\Temp\ccOTaUJS.ltrans0.ltrans.o
 .text.nrf24l01IRQHandler
                0x08004640       0x30 C:\Users\SevenI7\AppData\Local\Temp\ccOTaUJS.ltrans0.ltrans.o
 .text.rfInit   0x08004670       0x10 C:\Users\SevenI7\AppData\Local\Temp\ccOTaUJS.ltrans0.ltrans.o
 .text.rfObjectInit
                0x08004680       0x2c C:\Users\SevenI7\AppData\Local\Temp\ccOTaUJS.ltrans0.ltrans.o
 *fill*         0x080046ac        0x4 
 .text.rfStart  0x080046b0      0x180 C:\Users\SevenI7\AppData\Local\Temp\ccOTaUJS.ltrans0.ltrans.o
 .text.rfRxIsNonEmpty
                0x08004830       0x34 C:\Users\SevenI7\AppData\Local\Temp\ccOTaUJS.ltrans0.ltrans.o
 *fill*         0x08004864        0xc 
 .text.rfReceive
                0x08004870      0x1b4 C:\Users\SevenI7\AppData\Local\Temp\ccOTaUJS.ltrans0.ltrans.o
 *fill*         0x08004a24        0xc 
 .text.rfReceiveString
                0x08004a30       0xbc C:\Users\SevenI7\AppData\Local\Temp\ccOTaUJS.ltrans0.ltrans.o
 *fill*         0x08004aec        0x4 
 .text.main     0x08004af0       0xd0 C:\Users\SevenI7\AppData\Local\Temp\ccOTaUJS.ltrans0.ltrans.o
                0x08004af0                main
 *(.glue_7t)
 .glue_7t       0x08004bc0        0x0 linker stubs
 *(.glue_7)
 .glue_7        0x08004bc0        0x0 linker stubs
 *(.gcc*)
                0x08004bc0                __text_end = .

.vfp11_veneer   0x08004bc0        0x0
 .vfp11_veneer  0x08004bc0        0x0 linker stubs

.v4_bx          0x08004bc0        0x0
 .v4_bx         0x08004bc0        0x0 linker stubs

.iplt           0x08004bc0        0x0
 .iplt          0x08004bc0        0x0 ./build/obj/crt0_v7m.o

.rodata         0x08004bc0      0x28c
                0x08004bc0                __rodata_base__ = .
 *(.rodata)
 .rodata        0x08004bc0        0xa C:\Users\SevenI7\AppData\Local\Temp\ccOTaUJS.ltrans0.ltrans.o
 *(.rodata.*)
 *fill*         0x08004bca        0x2 
 .rodata.ram_areas
                0x08004bcc       0x80 C:\Users\SevenI7\AppData\Local\Temp\ccOTaUJS.ltrans0.ltrans.o
 .rodata.vmt.lto_priv.0
                0x08004c4c       0x28 C:\Users\SevenI7\AppData\Local\Temp\ccOTaUJS.ltrans0.ltrans.o
 .rodata._stm32_dma_streams
                0x08004c74       0xc0 C:\Users\SevenI7\AppData\Local\Temp\ccOTaUJS.ltrans0.ltrans.o
 .rodata.dummytx
                0x08004d34        0x2 C:\Users\SevenI7\AppData\Local\Temp\ccOTaUJS.ltrans0.ltrans.o
 *fill*         0x08004d36        0x2 
 .rodata.spi_lld_serve_rx_interrupt.str1.4
                0x08004d38        0xc C:\Users\SevenI7\AppData\Local\Temp\ccOTaUJS.ltrans0.ltrans.o
 .rodata.default_config
                0x08004d44        0xc C:\Users\SevenI7\AppData\Local\Temp\ccOTaUJS.ltrans0.ltrans.o
 .rodata.gpio_default_config
                0x08004d50       0xa8 C:\Users\SevenI7\AppData\Local\Temp\ccOTaUJS.ltrans0.ltrans.o
 .rodata.str1.4
                0x08004df8        0x5 C:\Users\SevenI7\AppData\Local\Temp\ccOTaUJS.ltrans0.ltrans.o
 *fill*         0x08004dfd        0x3 
 .rodata.idle_descriptor.6810
                0x08004e00       0x18 C:\Users\SevenI7\AppData\Local\Temp\ccOTaUJS.ltrans0.ltrans.o
 .rodata.ch_debug
                0x08004e18       0x16 C:\Users\SevenI7\AppData\Local\Temp\ccOTaUJS.ltrans0.ltrans.o
 *fill*         0x08004e2e        0x2 
 .rodata.std_spi_cfg
                0x08004e30       0x10 C:\Users\SevenI7\AppData\Local\Temp\ccOTaUJS.ltrans0.ltrans.o
 .rodata.main.str1.4
                0x08004e40        0xc C:\Users\SevenI7\AppData\Local\Temp\ccOTaUJS.ltrans0.ltrans.o
                                  0xb (size before relaxing)
                0x08004e4c                . = ALIGN (0x4)
                0x08004e4c                __rodata_end__ = .

.rel.dyn        0x08004e4c        0x0
 .rel.iplt      0x08004e4c        0x0 ./build/obj/crt0_v7m.o

.ARM.extab
 *(.ARM.extab* .gnu.linkonce.armextab.*)

.ARM.exidx      0x08004e4c        0x0
                0x08004e4c                __exidx_start = .
 *(.ARM.exidx* .gnu.linkonce.armexidx.*)
                0x08004e4c                __exidx_end = .

.eh_frame_hdr
 *(.eh_frame_hdr)

.eh_frame
 *(.eh_frame)

.data           0x20000800       0x1c load address 0x08004e4c
                [!provide]                PROVIDE (_textdata, LOADADDR (.data))
                [!provide]                PROVIDE (_data, .)
                0x08004e4c                _textdata_start = LOADADDR (.data)
                0x20000800                _data_start = .
 *(.data)
 *(.data.*)
 .data.nrf24l01_cfg
                0x20000800       0x1c C:\Users\SevenI7\AppData\Local\Temp\ccOTaUJS.ltrans0.ltrans.o
 *(.ramtext)
                0x2000081c                . = ALIGN (0x4)
                [!provide]                PROVIDE (_edata, .)
                0x2000081c                _data_end = .

.igot.plt       0x2000081c        0x0 load address 0x08004e68
 .igot.plt      0x2000081c        0x0 ./build/obj/crt0_v7m.o

.bss            0x20000820      0x3c8 load address 0x08004e68
                0x20000820                _bss_start = .
 *(.bss)
 *(.bss.*)
 .bss.dma       0x20000820       0x84 C:\Users\SevenI7\AppData\Local\Temp\ccOTaUJS.ltrans0.ltrans.o
 .bss._pal_events
                0x200008a4       0x80 C:\Users\SevenI7\AppData\Local\Temp\ccOTaUJS.ltrans0.ltrans.o
 .bss.SPID1     0x20000924       0x30 C:\Users\SevenI7\AppData\Local\Temp\ccOTaUJS.ltrans0.ltrans.o
 .bss.SD2       0x20000954       0x7c C:\Users\SevenI7\AppData\Local\Temp\ccOTaUJS.ltrans0.ltrans.o
 .bss.ch_idle_thread_wa
                0x200009d0       0xd8 C:\Users\SevenI7\AppData\Local\Temp\ccOTaUJS.ltrans0.ltrans.o
 .bss.ch        0x20000aa8       0x78 C:\Users\SevenI7\AppData\Local\Temp\ccOTaUJS.ltrans0.ltrans.o
 .bss.ch_memcore
                0x20000b20        0x8 C:\Users\SevenI7\AppData\Local\Temp\ccOTaUJS.ltrans0.ltrans.o
 .bss.default_heap
                0x20000b28       0x1c C:\Users\SevenI7\AppData\Local\Temp\ccOTaUJS.ltrans0.ltrans.o
 .bss.ch_factory
                0x20000b44       0x48 C:\Users\SevenI7\AppData\Local\Temp\ccOTaUJS.ltrans0.ltrans.o
 .bss.RFD1      0x20000b8c       0x30 C:\Users\SevenI7\AppData\Local\Temp\ccOTaUJS.ltrans0.ltrans.o
 .bss.cbcounter
                0x20000bbc        0x4 C:\Users\SevenI7\AppData\Local\Temp\ccOTaUJS.ltrans0.ltrans.o
 .bss.string    0x20000bc0       0x21 C:\Users\SevenI7\AppData\Local\Temp\ccOTaUJS.ltrans0.ltrans.o
 *fill*         0x20000be1        0x3 
 .bss.strl      0x20000be4        0x4 C:\Users\SevenI7\AppData\Local\Temp\ccOTaUJS.ltrans0.ltrans.o
 *(COMMON)
                0x20000be8                . = ALIGN (0x4)
                0x20000be8                _bss_end = .
                [!provide]                PROVIDE (end, .)
                0x20000000                __ram0_start__ = ORIGIN (ram0)
                0x00018000                __ram0_size__ = LENGTH (ram0)
                0x20018000                __ram0_end__ = (__ram0_start__ + __ram0_size__)
                0x00000000                __ram1_start__ = ORIGIN (ram1)
                0x00000000                __ram1_size__ = LENGTH (ram1)
                0x00000000                __ram1_end__ = (__ram1_start__ + __ram1_size__)
                0x00000000                __ram2_start__ = ORIGIN (ram2)
                0x00000000                __ram2_size__ = LENGTH (ram2)
                0x00000000                __ram2_end__ = (__ram2_start__ + __ram2_size__)
                0x00000000                __ram3_start__ = ORIGIN (ram3)
                0x00000000                __ram3_size__ = LENGTH (ram3)
                0x00000000                __ram3_end__ = (__ram3_start__ + __ram3_size__)
                0x00000000                __ram4_start__ = ORIGIN (ram4)
                0x00000000                __ram4_size__ = LENGTH (ram4)
                0x00000000                __ram4_end__ = (__ram4_start__ + __ram4_size__)
                0x00000000                __ram5_start__ = ORIGIN (ram5)
                0x00000000                __ram5_size__ = LENGTH (ram5)
                0x00000000                __ram5_end__ = (__ram5_start__ + __ram5_size__)
                0x00000000                __ram6_start__ = ORIGIN (ram6)
                0x00000000                __ram6_size__ = LENGTH (ram6)
                0x00000000                __ram6_end__ = (__ram6_start__ + __ram6_size__)
                0x00000000                __ram7_start__ = ORIGIN (ram7)
                0x00000000                __ram7_size__ = LENGTH (ram7)
                0x00000000                __ram7_end__ = (__ram7_start__ + __ram7_size__)
                0x08000000                __flash0_start__ = ORIGIN (flash0)
                0x00080000                __flash0_size__ = LENGTH (flash0)
                0x08080000                __flash0_end__ = (__flash0_start__ + __flash0_size__)
                0x00000000                __flash1_start__ = ORIGIN (flash1)
                0x00000000                __flash1_size__ = LENGTH (flash1)
                0x00000000                __flash1_end__ = (__flash1_start__ + __flash1_size__)
                0x00000000                __flash2_start__ = ORIGIN (flash2)
                0x00000000                __flash2_size__ = LENGTH (flash2)
                0x00000000                __flash2_end__ = (__flash2_start__ + __flash2_size__)
                0x00000000                __flash3_start__ = ORIGIN (flash3)
                0x00000000                __flash3_size__ = LENGTH (flash3)
                0x00000000                __flash3_end__ = (__flash3_start__ + __flash3_size__)
                0x00000000                __flash4_start__ = ORIGIN (flash4)
                0x00000000                __flash4_size__ = LENGTH (flash4)
                0x00000000                __flash4_end__ = (__flash4_start__ + __flash4_size__)
                0x00000000                __flash5_start__ = ORIGIN (flash5)
                0x00000000                __flash5_size__ = LENGTH (flash5)
                0x00000000                __flash5_end__ = (__flash5_start__ + __flash5_size__)
                0x00000000                __flash6_start__ = ORIGIN (flash6)
                0x00000000                __flash6_size__ = LENGTH (flash6)
                0x00000000                __flash6_end__ = (__flash6_start__ + __flash6_size__)
                0x00000000                __flash7_start__ = ORIGIN (flash7)
                0x00000000                __flash7_size__ = LENGTH (flash7)
                0x00000000                __flash7_end__ = (__flash7_start__ + __flash7_size__)

.ram0_init      0x20000be8        0x0 load address 0x08004e68
                0x08004e68                __ram0_init_text__ = LOADADDR (.ram0_init)
                0x20000be8                __ram0_init__ = .
 *(.ram0_init)
 *(.ram0_init.*)
                0x20000be8                . = ALIGN (0x4)

.ram0           0x20000be8        0x0 load address 0x08004e68
                0x20000be8                __ram0_clear__ = .
 *(.ram0_clear)
 *(.ram0_clear.*)
                0x20000be8                . = ALIGN (0x4)
                0x20000be8                __ram0_noinit__ = .
 *(.ram0)
 *(.ram0.*)
                0x20000be8                . = ALIGN (0x4)
                0x20000be8                __ram0_free__ = .

.ram1_init      0x00000000        0x0 load address 0x08004e68
                0x08004e68                __ram1_init_text__ = LOADADDR (.ram1_init)
                0x00000000                __ram1_init__ = .
 *(.ram1_init)
 *(.ram1_init.*)
                0x00000000                . = ALIGN (0x4)

.ram1           0x00000000        0x0 load address 0x08004e68
                0x00000000                __ram1_clear__ = .
 *(.ram1_clear)
 *(.ram1_clear.*)
                0x00000000                . = ALIGN (0x4)
                0x00000000                __ram1_noinit__ = .
 *(.ram1)
 *(.ram1.*)
                0x00000000                . = ALIGN (0x4)
                0x00000000                __ram1_free__ = .

.ram2_init      0x00000000        0x0 load address 0x08004e68
                0x08004e68                __ram2_init_text__ = LOADADDR (.ram2_init)
                0x00000000                __ram2_init__ = .
 *(.ram2_init)
 *(.ram2_init.*)
                0x00000000                . = ALIGN (0x4)

.ram2           0x00000000        0x0 load address 0x08004e68
                0x00000000                __ram2_clear__ = .
 *(.ram2_clear)
 *(.ram2_clear.*)
                0x00000000                . = ALIGN (0x4)
                0x00000000                __ram2_noinit__ = .
 *(.ram2)
 *(.ram2.*)
                0x00000000                . = ALIGN (0x4)
                0x00000000                __ram2_free__ = .

.ram3_init      0x00000000        0x0 load address 0x08004e68
                0x08004e68                __ram3_init_text__ = LOADADDR (.ram3_init)
                0x00000000                __ram3_init__ = .
 *(.ram3_init)
 *(.ram3_init.*)
                0x00000000                . = ALIGN (0x4)

.ram3           0x00000000        0x0 load address 0x08004e68
                0x00000000                __ram3_clear__ = .
 *(.ram3_clear)
 *(.ram3_clear.*)
                0x00000000                . = ALIGN (0x4)
                0x00000000                __ram3_noinit__ = .
 *(.ram3)
 *(.ram3.*)
                0x00000000                . = ALIGN (0x4)
                0x00000000                __ram3_free__ = .

.ram4_init      0x00000000        0x0 load address 0x08004e68
                0x08004e68                __ram4_init_text__ = LOADADDR (.ram4_init)
                0x00000000                __ram4_init__ = .
 *(.ram4_init)
 *(.ram4_init.*)
                0x00000000                . = ALIGN (0x4)

.ram4           0x00000000        0x0 load address 0x08004e68
                0x00000000                __ram4_clear__ = .
 *(.ram4_clear)
 *(.ram4_clear.*)
                0x00000000                . = ALIGN (0x4)
                0x00000000                __ram4_noinit__ = .
 *(.ram4)
 *(.ram4.*)
                0x00000000                . = ALIGN (0x4)
                0x00000000                __ram4_free__ = .

.ram5_init      0x00000000        0x0 load address 0x08004e68
                0x08004e68                __ram5_init_text__ = LOADADDR (.ram5_init)
                0x00000000                __ram5_init__ = .
 *(.ram5_init)
 *(.ram5_init.*)
                0x00000000                . = ALIGN (0x4)

.ram5           0x00000000        0x0 load address 0x08004e68
                0x00000000                __ram5_clear__ = .
 *(.ram5_clear)
 *(.ram5_clear.*)
                0x00000000                . = ALIGN (0x4)
                0x00000000                __ram5_noinit__ = .
 *(.ram5)
 *(.ram5.*)
                0x00000000                . = ALIGN (0x4)
                0x00000000                __ram5_free__ = .

.ram6_init      0x00000000        0x0 load address 0x08004e68
                0x08004e68                __ram6_init_text__ = LOADADDR (.ram6_init)
                0x00000000                __ram6_init__ = .
 *(.ram6_init)
 *(.ram6_init.*)
                0x00000000                . = ALIGN (0x4)

.ram6           0x00000000        0x0 load address 0x08004e68
                0x00000000                __ram6_clear__ = .
 *(.ram6_clear)
 *(.ram6_clear.*)
                0x00000000                . = ALIGN (0x4)
                0x00000000                __ram6_noinit__ = .
 *(.ram6)
 *(.ram6.*)
                0x00000000                . = ALIGN (0x4)
                0x00000000                __ram6_free__ = .

.ram7_init      0x00000000        0x0 load address 0x08004e68
                0x08004e68                __ram7_init_text__ = LOADADDR (.ram7_init)
                0x00000000                __ram7_init__ = .
 *(.ram7_init)
 *(.ram7_init.*)
                0x00000000                . = ALIGN (0x4)

.ram7           0x00000000        0x0 load address 0x08004e68
                0x00000000                __ram7_clear__ = .
 *(.ram7_clear)
 *(.ram7_clear.*)
                0x00000000                . = ALIGN (0x4)
                0x00000000                __ram7_noinit__ = .
 *(.ram7)
 *(.ram7.*)
                0x00000000                . = ALIGN (0x4)
                0x00000000                __ram7_free__ = .

.flash0         0x08004e68        0x0
                0x08004e68                __flash0_init__ = .
 *(.flash0_init)
 *(.flash0_init.*)
                0x08004e68                __flash0_free__ = .

.flash1         0x00000000        0x0
                0x00000000                __flash1_init__ = .
 *(.flash1_init)
 *(.flash1_init.*)
                0x00000000                __flash1_free__ = .

.flash2         0x00000000        0x0
                0x00000000                __flash2_init__ = .
 *(.flash2_init)
 *(.flash2_init.*)
                0x00000000                __flash2_free__ = .

.flash3         0x00000000        0x0
                0x00000000                __flash3_init__ = .
 *(.flash3_init)
 *(.flash3_init.*)
                0x00000000                __flash3_free__ = .

.flash4         0x00000000        0x0
                0x00000000                __flash4_init__ = .
 *(.flash4_init)
 *(.flash4_init.*)
                0x00000000                __flash4_free__ = .

.flash5         0x00000000        0x0
                0x00000000                __flash5_init__ = .
 *(.flash5_init)
 *(.flash5_init.*)
                0x00000000                __flash5_free__ = .

.flash6         0x00000000        0x0
                0x00000000                __flash6_init__ = .
 *(.flash6_init)
 *(.flash6_init.*)
                0x00000000                __flash6_free__ = .

.flash7         0x00000000        0x0
                0x00000000                __flash7_init__ = .
 *(.flash7_init)
 *(.flash7_init.*)
                0x00000000                __flash7_free__ = .

.heap           0x20000be8    0x17418
                0x20000be8                . = ALIGN (0x8)
                0x20000be8                __heap_base__ = .
                0x20018000                . = (ORIGIN (HEAP_RAM) + LENGTH (HEAP_RAM))
 *fill*         0x20000be8    0x17418 
                0x20018000                __heap_end__ = .
                0x00000400                __process_stack_size__ = 0x400
                0x00000400                __main_stack_size__ = 0x400
START GROUP
LOAD c:/chibistudio/tools/gnu tools arm embedded/7.0 2017q4/bin/../lib/gcc/arm-none-eabi/7.2.1/thumb/v7e-m\libgcc.a
LOAD c:/chibistudio/tools/gnu tools arm embedded/7.0 2017q4/bin/../lib/gcc/arm-none-eabi/7.2.1/../../../../arm-none-eabi/lib/thumb/v7e-m\libg.a
LOAD c:/chibistudio/tools/gnu tools arm embedded/7.0 2017q4/bin/../lib/gcc/arm-none-eabi/7.2.1/../../../../arm-none-eabi/lib/thumb/v7e-m\libc.a
END GROUP
OUTPUT(build/ch.elf elf32-littlearm)

.ARM.attributes
                0x00000000       0x2f
 .ARM.attributes
                0x00000000       0x21 ./build/obj/crt0_v7m.o
 .ARM.attributes
                0x00000021       0x21 ./build/obj/vectors.o
 .ARM.attributes
                0x00000042       0x21 ./build/obj/chcoreasm_v7m.o
 .ARM.attributes
                0x00000063       0x31 C:\Users\SevenI7\AppData\Local\Temp\ccOTaUJS.ltrans0.ltrans.o
 .ARM.attributes
                0x00000094       0x1c c:/chibistudio/tools/gnu tools arm embedded/7.0 2017q4/bin/../lib/gcc/arm-none-eabi/7.2.1/../../../../arm-none-eabi/lib/thumb/v7e-m\libg.a(lib_a-memcpy.o)
 .ARM.attributes
                0x000000b0       0x1c c:/chibistudio/tools/gnu tools arm embedded/7.0 2017q4/bin/../lib/gcc/arm-none-eabi/7.2.1/../../../../arm-none-eabi/lib/thumb/v7e-m\libg.a(lib_a-strlen.o)

.comment        0x00000000       0x7e
 .comment       0x00000000       0x7e C:\Users\SevenI7\AppData\Local\Temp\ccOTaUJS.ltrans0.ltrans.o
                                 0x7f (size before relaxing)

.debug_line     0x00000000     0x4a70
 .debug_line    0x00000000       0xcd ./build/obj/crt0_v7m.o
 .debug_line    0x000000cd       0x77 ./build/obj/vectors.o
 .debug_line    0x00000144       0x89 ./build/obj/chcoreasm_v7m.o
 .debug_line    0x000001cd     0x48a3 C:\Users\SevenI7\AppData\Local\Temp\ccOTaUJS.ltrans0.ltrans.o

.debug_info     0x00000000     0xb7bd
 .debug_info    0x00000000       0x26 ./build/obj/crt0_v7m.o
 .debug_info    0x00000026       0x26 ./build/obj/vectors.o
 .debug_info    0x0000004c       0x26 ./build/obj/chcoreasm_v7m.o
 .debug_info    0x00000072     0xb74b C:\Users\SevenI7\AppData\Local\Temp\ccOTaUJS.ltrans0.ltrans.o

.debug_abbrev   0x00000000      0x599
 .debug_abbrev  0x00000000       0x14 ./build/obj/crt0_v7m.o
 .debug_abbrev  0x00000014       0x14 ./build/obj/vectors.o
 .debug_abbrev  0x00000028       0x14 ./build/obj/chcoreasm_v7m.o
 .debug_abbrev  0x0000003c      0x55d C:\Users\SevenI7\AppData\Local\Temp\ccOTaUJS.ltrans0.ltrans.o

.debug_aranges  0x00000000     0x1480
 .debug_aranges
                0x00000000       0x20 ./build/obj/crt0_v7m.o
 .debug_aranges
                0x00000020       0x20 ./build/obj/vectors.o
 .debug_aranges
                0x00000040       0x20 ./build/obj/chcoreasm_v7m.o
 .debug_aranges
                0x00000060     0x1420 C:\Users\SevenI7\AppData\Local\Temp\ccOTaUJS.ltrans0.ltrans.o

.debug_str      0x00000000     0x3b4c
 .debug_str     0x00000000       0x98 ./build/obj/crt0_v7m.o
 .debug_str     0x00000098       0x42 ./build/obj/vectors.o
                                 0x97 (size before relaxing)
 .debug_str     0x000000da       0x46 ./build/obj/chcoreasm_v7m.o
                                 0x9b (size before relaxing)
 .debug_str     0x00000120     0x3a2c C:\Users\SevenI7\AppData\Local\Temp\ccOTaUJS.ltrans0.ltrans.o
                               0x3c99 (size before relaxing)

.debug_ranges   0x00000000     0x1410
 .debug_ranges  0x00000000     0x1410 C:\Users\SevenI7\AppData\Local\Temp\ccOTaUJS.ltrans0.ltrans.o

.debug_frame    0x00000000     0x4108
 .debug_frame   0x00000000     0x4108 C:\Users\SevenI7\AppData\Local\Temp\ccOTaUJS.ltrans0.ltrans.o

Cross Reference Table

Symbol                                            File
BusFault_Handler                                  ./build/obj/vectors.o
DebugMon_Handler                                  ./build/obj/vectors.o
HardFault_Handler                                 ./build/obj/vectors.o
MemManage_Handler                                 ./build/obj/vectors.o
NMI_Handler                                       ./build/obj/vectors.o
PendSV_Handler                                    ./build/obj/vectors.o
RFD1                                              ./build/obj/rf.o (symbol from plugin)
                                                  ./build/obj/main.o (symbol from plugin)
Reset_Handler                                     ./build/obj/vectors.o
SD2                                               ./build/obj/hal_serial_lld.o (symbol from plugin)
                                                  ./build/obj/main.o (symbol from plugin)
SPID1                                             ./build/obj/hal_spi_lld.o (symbol from plugin)
                                                  ./build/obj/main.o (symbol from plugin)
SVC_Handler                                       C:\Users\SevenI7\AppData\Local\Temp\ccOTaUJS.ltrans0.ltrans.o
                                                  ./build/obj/chcore_v7m.o (symbol from plugin)
                                                  ./build/obj/vectors.o
SysTick_Handler                                   ./build/obj/vectors.o
SystemCoreClock                                   ./build/obj/hal_lld.o (symbol from plugin)
UsageFault_Handler                                ./build/obj/vectors.o
Vector100                                         ./build/obj/vectors.o
Vector104                                         ./build/obj/vectors.o
Vector108                                         ./build/obj/vectors.o
Vector10C                                         ./build/obj/vectors.o
Vector110                                         ./build/obj/vectors.o
Vector114                                         ./build/obj/vectors.o
Vector118                                         ./build/obj/vectors.o
Vector11C                                         ./build/obj/vectors.o
Vector120                                         C:\Users\SevenI7\AppData\Local\Temp\ccOTaUJS.ltrans0.ltrans.o
                                                  ./build/obj/stm32_dma.o (symbol from plugin)
                                                  ./build/obj/vectors.o
Vector124                                         C:\Users\SevenI7\AppData\Local\Temp\ccOTaUJS.ltrans0.ltrans.o
                                                  ./build/obj/stm32_dma.o (symbol from plugin)
                                                  ./build/obj/vectors.o
Vector128                                         C:\Users\SevenI7\AppData\Local\Temp\ccOTaUJS.ltrans0.ltrans.o
                                                  ./build/obj/stm32_dma.o (symbol from plugin)
                                                  ./build/obj/vectors.o
Vector12C                                         C:\Users\SevenI7\AppData\Local\Temp\ccOTaUJS.ltrans0.ltrans.o
                                                  ./build/obj/stm32_dma.o (symbol from plugin)
                                                  ./build/obj/vectors.o
Vector130                                         C:\Users\SevenI7\AppData\Local\Temp\ccOTaUJS.ltrans0.ltrans.o
                                                  ./build/obj/stm32_dma.o (symbol from plugin)
                                                  ./build/obj/vectors.o
Vector134                                         ./build/obj/vectors.o
Vector138                                         ./build/obj/vectors.o
Vector13C                                         ./build/obj/vectors.o
Vector140                                         ./build/obj/vectors.o
Vector144                                         ./build/obj/vectors.o
Vector148                                         ./build/obj/vectors.o
Vector14C                                         ./build/obj/vectors.o
Vector150                                         C:\Users\SevenI7\AppData\Local\Temp\ccOTaUJS.ltrans0.ltrans.o
                                                  ./build/obj/stm32_dma.o (symbol from plugin)
                                                  ./build/obj/vectors.o
Vector154                                         C:\Users\SevenI7\AppData\Local\Temp\ccOTaUJS.ltrans0.ltrans.o
                                                  ./build/obj/stm32_dma.o (symbol from plugin)
                                                  ./build/obj/vectors.o
Vector158                                         C:\Users\SevenI7\AppData\Local\Temp\ccOTaUJS.ltrans0.ltrans.o
                                                  ./build/obj/stm32_dma.o (symbol from plugin)
                                                  ./build/obj/vectors.o
Vector15C                                         ./build/obj/vectors.o
Vector160                                         ./build/obj/vectors.o
Vector164                                         ./build/obj/vectors.o
Vector168                                         ./build/obj/vectors.o
Vector16C                                         ./build/obj/vectors.o
Vector170                                         ./build/obj/vectors.o
Vector174                                         ./build/obj/vectors.o
Vector178                                         ./build/obj/vectors.o
Vector17C                                         ./build/obj/vectors.o
Vector180                                         ./build/obj/vectors.o
Vector184                                         ./build/obj/vectors.o
Vector188                                         ./build/obj/vectors.o
Vector18C                                         ./build/obj/vectors.o
Vector190                                         ./build/obj/vectors.o
Vector194                                         ./build/obj/vectors.o
Vector198                                         ./build/obj/vectors.o
Vector19C                                         ./build/obj/vectors.o
Vector1A0                                         ./build/obj/vectors.o
Vector1A4                                         ./build/obj/vectors.o
Vector1A8                                         ./build/obj/vectors.o
Vector1AC                                         ./build/obj/vectors.o
Vector1B0                                         ./build/obj/vectors.o
Vector1B4                                         ./build/obj/vectors.o
Vector1B8                                         ./build/obj/vectors.o
Vector1BC                                         ./build/obj/vectors.o
Vector1C                                          ./build/obj/vectors.o
Vector1C0                                         ./build/obj/vectors.o
Vector1C4                                         ./build/obj/vectors.o
Vector1C8                                         ./build/obj/vectors.o
Vector1CC                                         ./build/obj/vectors.o
Vector1D0                                         ./build/obj/vectors.o
Vector1D4                                         ./build/obj/vectors.o
Vector1D8                                         ./build/obj/vectors.o
Vector1DC                                         ./build/obj/vectors.o
Vector20                                          ./build/obj/vectors.o
Vector24                                          ./build/obj/vectors.o
Vector28                                          ./build/obj/vectors.o
Vector34                                          ./build/obj/vectors.o
Vector40                                          ./build/obj/vectors.o
Vector44                                          ./build/obj/vectors.o
Vector48                                          ./build/obj/vectors.o
Vector4C                                          ./build/obj/vectors.o
Vector50                                          ./build/obj/vectors.o
Vector54                                          ./build/obj/vectors.o
Vector58                                          C:\Users\SevenI7\AppData\Local\Temp\ccOTaUJS.ltrans0.ltrans.o
                                                  ./build/obj/stm32_isr.o (symbol from plugin)
                                                  ./build/obj/vectors.o
Vector5C                                          C:\Users\SevenI7\AppData\Local\Temp\ccOTaUJS.ltrans0.ltrans.o
                                                  ./build/obj/stm32_isr.o (symbol from plugin)
                                                  ./build/obj/vectors.o
Vector60                                          C:\Users\SevenI7\AppData\Local\Temp\ccOTaUJS.ltrans0.ltrans.o
                                                  ./build/obj/stm32_isr.o (symbol from plugin)
                                                  ./build/obj/vectors.o
Vector64                                          C:\Users\SevenI7\AppData\Local\Temp\ccOTaUJS.ltrans0.ltrans.o
                                                  ./build/obj/stm32_isr.o (symbol from plugin)
                                                  ./build/obj/vectors.o
Vector68                                          C:\Users\SevenI7\AppData\Local\Temp\ccOTaUJS.ltrans0.ltrans.o
                                                  ./build/obj/stm32_isr.o (symbol from plugin)
                                                  ./build/obj/vectors.o
Vector6C                                          C:\Users\SevenI7\AppData\Local\Temp\ccOTaUJS.ltrans0.ltrans.o
                                                  ./build/obj/stm32_dma.o (symbol from plugin)
                                                  ./build/obj/vectors.o
Vector70                                          C:\Users\SevenI7\AppData\Local\Temp\ccOTaUJS.ltrans0.ltrans.o
                                                  ./build/obj/stm32_dma.o (symbol from plugin)
                                                  ./build/obj/vectors.o
Vector74                                          C:\Users\SevenI7\AppData\Local\Temp\ccOTaUJS.ltrans0.ltrans.o
                                                  ./build/obj/stm32_dma.o (symbol from plugin)
                                                  ./build/obj/vectors.o
Vector78                                          C:\Users\SevenI7\AppData\Local\Temp\ccOTaUJS.ltrans0.ltrans.o
                                                  ./build/obj/stm32_dma.o (symbol from plugin)
                                                  ./build/obj/vectors.o
Vector7C                                          C:\Users\SevenI7\AppData\Local\Temp\ccOTaUJS.ltrans0.ltrans.o
                                                  ./build/obj/stm32_dma.o (symbol from plugin)
                                                  ./build/obj/vectors.o
Vector80                                          C:\Users\SevenI7\AppData\Local\Temp\ccOTaUJS.ltrans0.ltrans.o
                                                  ./build/obj/stm32_dma.o (symbol from plugin)
                                                  ./build/obj/vectors.o
Vector84                                          C:\Users\SevenI7\AppData\Local\Temp\ccOTaUJS.ltrans0.ltrans.o
                                                  ./build/obj/stm32_dma.o (symbol from plugin)
                                                  ./build/obj/vectors.o
Vector88                                          ./build/obj/vectors.o
Vector8C                                          ./build/obj/vectors.o
Vector90                                          ./build/obj/vectors.o
Vector94                                          ./build/obj/vectors.o
Vector98                                          ./build/obj/vectors.o
Vector9C                                          C:\Users\SevenI7\AppData\Local\Temp\ccOTaUJS.ltrans0.ltrans.o
                                                  ./build/obj/stm32_isr.o (symbol from plugin)
                                                  ./build/obj/vectors.o
VectorA0                                          ./build/obj/vectors.o
VectorA4                                          ./build/obj/vectors.o
VectorA8                                          ./build/obj/vectors.o
VectorAC                                          ./build/obj/vectors.o
VectorB0                                          C:\Users\SevenI7\AppData\Local\Temp\ccOTaUJS.ltrans0.ltrans.o
                                                  ./build/obj/hal_st_lld.o (symbol from plugin)
                                                  ./build/obj/vectors.o
VectorB4                                          ./build/obj/vectors.o
VectorB8                                          ./build/obj/vectors.o
VectorBC                                          ./build/obj/vectors.o
VectorC0                                          ./build/obj/vectors.o
VectorC4                                          ./build/obj/vectors.o
VectorC8                                          ./build/obj/vectors.o
VectorCC                                          ./build/obj/vectors.o
VectorD0                                          ./build/obj/vectors.o
VectorD4                                          ./build/obj/vectors.o
VectorD8                                          C:\Users\SevenI7\AppData\Local\Temp\ccOTaUJS.ltrans0.ltrans.o
                                                  ./build/obj/hal_serial_lld.o (symbol from plugin)
                                                  ./build/obj/vectors.o
VectorDC                                          ./build/obj/vectors.o
VectorE0                                          C:\Users\SevenI7\AppData\Local\Temp\ccOTaUJS.ltrans0.ltrans.o
                                                  ./build/obj/stm32_isr.o (symbol from plugin)
                                                  ./build/obj/vectors.o
VectorE4                                          ./build/obj/vectors.o
VectorE8                                          ./build/obj/vectors.o
VectorEC                                          ./build/obj/vectors.o
VectorF0                                          ./build/obj/vectors.o
VectorF4                                          ./build/obj/vectors.o
VectorF8                                          ./build/obj/vectors.o
VectorFC                                          C:\Users\SevenI7\AppData\Local\Temp\ccOTaUJS.ltrans0.ltrans.o
                                                  ./build/obj/stm32_dma.o (symbol from plugin)
                                                  ./build/obj/vectors.o
__adddf3                                          c:/chibistudio/tools/gnu tools arm embedded/7.0 2017q4/bin/../lib/gcc/arm-none-eabi/7.2.1/thumb/v7e-m\libgcc.a(_arm_addsubdf3.o)
__aeabi_cfcmpeq                                   c:/chibistudio/tools/gnu tools arm embedded/7.0 2017q4/bin/../lib/gcc/arm-none-eabi/7.2.1/thumb/v7e-m\libgcc.a(_arm_cmpsf2.o)
__aeabi_cfcmple                                   c:/chibistudio/tools/gnu tools arm embedded/7.0 2017q4/bin/../lib/gcc/arm-none-eabi/7.2.1/thumb/v7e-m\libgcc.a(_arm_cmpsf2.o)
__aeabi_cfrcmple                                  c:/chibistudio/tools/gnu tools arm embedded/7.0 2017q4/bin/../lib/gcc/arm-none-eabi/7.2.1/thumb/v7e-m\libgcc.a(_arm_cmpsf2.o)
__aeabi_d2f                                       c:/chibistudio/tools/gnu tools arm embedded/7.0 2017q4/bin/../lib/gcc/arm-none-eabi/7.2.1/thumb/v7e-m\libgcc.a(_arm_truncdfsf2.o)